задание: 2.1.1
проект: 211-command-usb
устройство: 2e8a:000a
серийный номер: 50443405886ABF1C
порт: COM3
начало: 2026-09-26T10:44:04
   0.000 --> enable
   1.203 <-- enable
   1.203 <-- dbg read_line:65 got enable
   1.203 <-- inf handle_command:27 led on
   4.234 --> disable
   5.812 <-- disable
   5.812 <-- dbg read_line:65 got disable
   5.812 <-- inf handle_command:31 led off
   8.359 --> info
   9.219 <-- info
   9.219 <-- dbg read_line:65 got info
   9.219 <-- project: 211-command-usb
   9.219 <-- repo: https://github.com/MichaelVaryuschenko/es-student
   9.219 <-- board: pico
   9.219 <-- serial: 50443405886ABF1C
   9.219 <-- chip: manufacturer 0x927, part 0x0002, revision 2
   9.219 <-- pico-sdk: 2.3.0
  12.750 --> nosuchcommand
  15.422 <-- nosuchcommand
  15.422 <-- dbg read_line:65 got nosuchcommand
  15.422 <-- err handle_command:40 unknown command: nosuchcommand
итог: отправлено команд 4, принято строк 17
