задание: 2.1.3
проект: 211-command-usb
устройство: 2e8a:000a
серийный номер: 50443405886ABF1C
порт: COM3
начало: 2026-09-27T12:23:42
   0.000 --> mem_info
   1.735 <-- mem_info
   1.750 <-- dbg read_line:102 got mem_info
   1.750 <-- Section    Start      End        Size
   1.750 <-- flash      0x10000000 0x10200000  2097152
   1.750 <-- sram       0x20000000 0x20042000   270336
   1.750 <-- rom        0x00000000 0x00004000    16384
   1.750 <-- image      0x10000000 0x10008480    33920
   1.750 <-- free       0x10008480 0x10200000  2063232
   1.750 <-- boot2      0x10000000 0x10000100      256
   1.750 <-- text       0x10000100 0x10007460    29536
   1.766 <-- data flash 0x10007460 0x10008480     4128
   1.766 <-- data ram   0x200000c0 0x200010e0     4128
   1.766 <-- bss        0x200010e0 0x20001d1c     3132
   1.766 <-- heap       0x20001d1c 0x20040000   254692
   1.766 <-- stack      0x20041800 0x20042000     2048
   1.766 <-- Total
   1.766 <-- flash image    33920 = boot2 256 + text 29536 + data 4128
   1.766 <-- flash free   2063232 of 2097152
   1.766 <-- ram used        7260 = data 4128 + bss 3132
   1.766 <-- ram free      254692 for heap and 2048 for stack
итог: отправлено команд 1, принято строк 20
