Archive member included to satisfy reference by file (symbol)

c:/program files (x86)/gnu arm embedded toolchain/10 2021.10/bin/../lib/gcc/arm-none-eabi/10.3.1/thumb/v6-m/nofp\libgcc.a(_dvmd_tls.o)
                              CMakeFiles/112_blink.dir/D_/Documents/MIPT/5th_term/Embedded_antlab/pico/pico-sdk/src/rp2_common/pico_divider/divider_hardware.S.obj (__aeabi_idiv0)
c:/program files (x86)/gnu arm embedded toolchain/10 2021.10/bin/../lib/gcc/arm-none-eabi/10.3.1/../../../../arm-none-eabi/lib/thumb/v6-m/nofp\libg.a(lib_a-calloc.o)
                              CMakeFiles/112_blink.dir/D_/Documents/MIPT/5th_term/Embedded_antlab/pico/pico-sdk/src/rp2_common/pico_malloc/malloc.c.obj (calloc)
c:/program files (x86)/gnu arm embedded toolchain/10 2021.10/bin/../lib/gcc/arm-none-eabi/10.3.1/../../../../arm-none-eabi/lib/thumb/v6-m/nofp\libg.a(lib_a-callocr.o)
                              c:/program files (x86)/gnu arm embedded toolchain/10 2021.10/bin/../lib/gcc/arm-none-eabi/10.3.1/../../../../arm-none-eabi/lib/thumb/v6-m/nofp\libg.a(lib_a-calloc.o) (_calloc_r)
c:/program files (x86)/gnu arm embedded toolchain/10 2021.10/bin/../lib/gcc/arm-none-eabi/10.3.1/../../../../arm-none-eabi/lib/thumb/v6-m/nofp\libg.a(lib_a-errno.o)
                              c:/program files (x86)/gnu arm embedded toolchain/10 2021.10/bin/../lib/gcc/arm-none-eabi/10.3.1/../../../../arm-none-eabi/lib/thumb/v6-m/nofp\libg.a(lib_a-callocr.o) (__errno)
c:/program files (x86)/gnu arm embedded toolchain/10 2021.10/bin/../lib/gcc/arm-none-eabi/10.3.1/../../../../arm-none-eabi/lib/thumb/v6-m/nofp\libg.a(lib_a-impure.o)
                              c:/program files (x86)/gnu arm embedded toolchain/10 2021.10/bin/../lib/gcc/arm-none-eabi/10.3.1/../../../../arm-none-eabi/lib/thumb/v6-m/nofp\libg.a(lib_a-calloc.o) (_impure_ptr)
c:/program files (x86)/gnu arm embedded toolchain/10 2021.10/bin/../lib/gcc/arm-none-eabi/10.3.1/../../../../arm-none-eabi/lib/thumb/v6-m/nofp\libg.a(lib_a-lcltime_r.o)
                              CMakeFiles/112_blink.dir/D_/Documents/MIPT/5th_term/Embedded_antlab/pico/pico-sdk/src/common/pico_util/datetime.c.obj (localtime_r)
c:/program files (x86)/gnu arm embedded toolchain/10 2021.10/bin/../lib/gcc/arm-none-eabi/10.3.1/../../../../arm-none-eabi/lib/thumb/v6-m/nofp\libg.a(lib_a-malloc.o)
                              CMakeFiles/112_blink.dir/D_/Documents/MIPT/5th_term/Embedded_antlab/pico/pico-sdk/src/rp2_common/pico_malloc/malloc.c.obj (malloc)
c:/program files (x86)/gnu arm embedded toolchain/10 2021.10/bin/../lib/gcc/arm-none-eabi/10.3.1/../../../../arm-none-eabi/lib/thumb/v6-m/nofp\libg.a(lib_a-mallocr.o)
                              c:/program files (x86)/gnu arm embedded toolchain/10 2021.10/bin/../lib/gcc/arm-none-eabi/10.3.1/../../../../arm-none-eabi/lib/thumb/v6-m/nofp\libg.a(lib_a-callocr.o) (_malloc_r)
c:/program files (x86)/gnu arm embedded toolchain/10 2021.10/bin/../lib/gcc/arm-none-eabi/10.3.1/../../../../arm-none-eabi/lib/thumb/v6-m/nofp\libg.a(lib_a-memcmp.o)
                              CMakeFiles/112_blink.dir/D_/Documents/MIPT/5th_term/Embedded_antlab/pico/pico-sdk/src/rp2_common/pico_atomic/atomic.c.obj (memcmp)
c:/program files (x86)/gnu arm embedded toolchain/10 2021.10/bin/../lib/gcc/arm-none-eabi/10.3.1/../../../../arm-none-eabi/lib/thumb/v6-m/nofp\libg.a(lib_a-mktime.o)
                              CMakeFiles/112_blink.dir/D_/Documents/MIPT/5th_term/Embedded_antlab/pico/pico-sdk/src/common/pico_util/datetime.c.obj (mktime)
c:/program files (x86)/gnu arm embedded toolchain/10 2021.10/bin/../lib/gcc/arm-none-eabi/10.3.1/../../../../arm-none-eabi/lib/thumb/v6-m/nofp\libg.a(lib_a-mlock.o)
                              c:/program files (x86)/gnu arm embedded toolchain/10 2021.10/bin/../lib/gcc/arm-none-eabi/10.3.1/../../../../arm-none-eabi/lib/thumb/v6-m/nofp\libg.a(lib_a-mallocr.o) (__malloc_lock)
c:/program files (x86)/gnu arm embedded toolchain/10 2021.10/bin/../lib/gcc/arm-none-eabi/10.3.1/../../../../arm-none-eabi/lib/thumb/v6-m/nofp\libg.a(lib_a-month_lengths.o)
                              c:/program files (x86)/gnu arm embedded toolchain/10 2021.10/bin/../lib/gcc/arm-none-eabi/10.3.1/../../../../arm-none-eabi/lib/thumb/v6-m/nofp\libg.a(lib_a-lcltime_r.o) (__month_lengths)
c:/program files (x86)/gnu arm embedded toolchain/10 2021.10/bin/../lib/gcc/arm-none-eabi/10.3.1/../../../../arm-none-eabi/lib/thumb/v6-m/nofp\libg.a(lib_a-realloc.o)
                              CMakeFiles/112_blink.dir/D_/Documents/MIPT/5th_term/Embedded_antlab/pico/pico-sdk/src/rp2_common/pico_malloc/malloc.c.obj (realloc)
c:/program files (x86)/gnu arm embedded toolchain/10 2021.10/bin/../lib/gcc/arm-none-eabi/10.3.1/../../../../arm-none-eabi/lib/thumb/v6-m/nofp\libg.a(lib_a-reallocr.o)
                              c:/program files (x86)/gnu arm embedded toolchain/10 2021.10/bin/../lib/gcc/arm-none-eabi/10.3.1/../../../../arm-none-eabi/lib/thumb/v6-m/nofp\libg.a(lib_a-realloc.o) (_realloc_r)
[...]
Memory Configuration

Name             Origin             Length             Attributes
FLASH            0x10000000         0x00200000         xr
XIP_RAM          0x15000000         0x00004000         xrw
RAM              0x20000000         0x00040000         xrw
SCRATCH_X        0x20040000         0x00001000         xrw
SCRATCH_Y        0x20041000         0x00001000         xrw
*default*        0x00000000         0xffffffff

Linker script and memory map

                0x20000000                RAM_ORIGIN_DEFAULT = 0x20000000
                0x00040000                RAM_LENGTH_DEFAULT = 0x40000
                0x20040000                SCRATCH_X_ORIGIN_DEFAULT = 0x20040000
                0x00001000                SCRATCH_X_LENGTH_DEFAULT = 0x1000
                0x20041000                SCRATCH_Y_ORIGIN_DEFAULT = 0x20041000
                0x00001000                SCRATCH_Y_LENGTH_DEFAULT = 0x1000
                0x15000000                XIP_RAM_ORIGIN_DEFAULT = 0x15000000
                0x00004000                XIP_RAM_LENGTH_DEFAULT = 0x4000
LOAD CMakeFiles/112_blink.dir/main.c.obj
LOAD CMakeFiles/112_blink.dir/D_/Documents/MIPT/5th_term/Embedded_antlab/pico/pico-sdk/src/rp2_common/pico_stdlib/stdlib.c.obj
LOAD CMakeFiles/112_blink.dir/D_/Documents/MIPT/5th_term/Embedded_antlab/pico/pico-sdk/src/rp2_common/hardware_gpio/gpio.c.obj
LOAD CMakeFiles/112_blink.dir/D_/Documents/MIPT/5th_term/Embedded_antlab/pico/pico-sdk/src/rp2040/pico_platform/platform.c.obj
LOAD CMakeFiles/112_blink.dir/D_/Documents/MIPT/5th_term/Embedded_antlab/pico/pico-sdk/src/rp2_common/pico_platform_common/common.c.obj
LOAD CMakeFiles/112_blink.dir/D_/Documents/MIPT/5th_term/Embedded_antlab/pico/pico-sdk/src/rp2_common/pico_platform_panic/panic.c.obj
LOAD CMakeFiles/112_blink.dir/D_/Documents/MIPT/5th_term/Embedded_antlab/pico/pico-sdk/src/rp2_common/pico_platform_panic/custom_panic_function.S.obj
LOAD CMakeFiles/112_blink.dir/D_/Documents/MIPT/5th_term/Embedded_antlab/pico/pico-sdk/src/common/hardware_claim/claim.c.obj
LOAD CMakeFiles/112_blink.dir/D_/Documents/MIPT/5th_term/Embedded_antlab/pico/pico-sdk/src/rp2_common/hardware_sync/sync.c.obj
LOAD CMakeFiles/112_blink.dir/D_/Documents/MIPT/5th_term/Embedded_antlab/pico/pico-sdk/src/rp2_common/hardware_sync_spin_lock/sync_spin_lock.c.obj
LOAD CMakeFiles/112_blink.dir/D_/Documents/MIPT/5th_term/Embedded_antlab/pico/pico-sdk/src/rp2_common/hardware_irq/irq.c.obj
LOAD CMakeFiles/112_blink.dir/D_/Documents/MIPT/5th_term/Embedded_antlab/pico/pico-sdk/src/rp2_common/hardware_irq/irq_handler_chain.S.obj
LOAD CMakeFiles/112_blink.dir/D_/Documents/MIPT/5th_term/Embedded_antlab/pico/pico-sdk/src/common/pico_sync/sem.c.obj
LOAD CMakeFiles/112_blink.dir/D_/Documents/MIPT/5th_term/Embedded_antlab/pico/pico-sdk/src/common/pico_sync/lock_core.c.obj
LOAD CMakeFiles/112_blink.dir/D_/Documents/MIPT/5th_term/Embedded_antlab/pico/pico-sdk/src/common/pico_sync/mutex.c.obj
LOAD CMakeFiles/112_blink.dir/D_/Documents/MIPT/5th_term/Embedded_antlab/pico/pico-sdk/src/common/pico_sync/critical_section.c.obj
LOAD CMakeFiles/112_blink.dir/D_/Documents/MIPT/5th_term/Embedded_antlab/pico/pico-sdk/src/common/pico_time/time.c.obj
LOAD CMakeFiles/112_blink.dir/D_/Documents/MIPT/5th_term/Embedded_antlab/pico/pico-sdk/src/common/pico_time/timeout_helper.c.obj
LOAD CMakeFiles/112_blink.dir/D_/Documents/MIPT/5th_term/Embedded_antlab/pico/pico-sdk/src/rp2_common/hardware_timer/timer.c.obj
LOAD CMakeFiles/112_blink.dir/D_/Documents/MIPT/5th_term/Embedded_antlab/pico/pico-sdk/src/common/pico_util/datetime.c.obj
LOAD CMakeFiles/112_blink.dir/D_/Documents/MIPT/5th_term/Embedded_antlab/pico/pico-sdk/src/common/pico_util/fixed_bitset.c.obj
LOAD CMakeFiles/112_blink.dir/D_/Documents/MIPT/5th_term/Embedded_antlab/pico/pico-sdk/src/common/pico_util/pheap.c.obj
LOAD CMakeFiles/112_blink.dir/D_/Documents/MIPT/5th_term/Embedded_antlab/pico/pico-sdk/src/common/pico_util/queue.c.obj
LOAD CMakeFiles/112_blink.dir/D_/Documents/MIPT/5th_term/Embedded_antlab/pico/pico-sdk/src/rp2_common/hardware_uart/uart.c.obj
LOAD CMakeFiles/112_blink.dir/D_/Documents/MIPT/5th_term/Embedded_antlab/pico/pico-sdk/src/rp2_common/hardware_clocks/clocks.c.obj
LOAD CMakeFiles/112_blink.dir/D_/Documents/MIPT/5th_term/Embedded_antlab/pico/pico-sdk/src/rp2_common/hardware_pll/pll.c.obj
LOAD CMakeFiles/112_blink.dir/D_/Documents/MIPT/5th_term/Embedded_antlab/pico/pico-sdk/src/rp2_common/hardware_vreg/vreg.c.obj
LOAD CMakeFiles/112_blink.dir/D_/Documents/MIPT/5th_term/Embedded_antlab/pico/pico-sdk/src/rp2_common/hardware_watchdog/watchdog.c.obj
LOAD CMakeFiles/112_blink.dir/D_/Documents/MIPT/5th_term/Embedded_antlab/pico/pico-sdk/src/rp2_common/hardware_ticks/ticks.c.obj
LOAD CMakeFiles/112_blink.dir/D_/Documents/MIPT/5th_term/Embedded_antlab/pico/pico-sdk/src/rp2_common/pico_bootrom/bootrom.c.obj
LOAD CMakeFiles/112_blink.dir/D_/Documents/MIPT/5th_term/Embedded_antlab/pico/pico-sdk/src/rp2_common/pico_bootrom/bootrom_lock.c.obj
LOAD CMakeFiles/112_blink.dir/D_/Documents/MIPT/5th_term/Embedded_antlab/pico/pico-sdk/src/rp2_common/hardware_boot_lock/boot_lock.c.obj
LOAD CMakeFiles/112_blink.dir/D_/Documents/MIPT/5th_term/Embedded_antlab/pico/pico-sdk/src/rp2_common/pico_flash/flash.c.obj
LOAD CMakeFiles/112_blink.dir/D_/Documents/MIPT/5th_term/Embedded_antlab/pico/pico-sdk/src/rp2_common/hardware_xosc/xosc.c.obj
LOAD CMakeFiles/112_blink.dir/D_/Documents/MIPT/5th_term/Embedded_antlab/pico/pico-sdk/src/rp2_common/hardware_divider/divider.S.obj
LOAD CMakeFiles/112_blink.dir/D_/Documents/MIPT/5th_term/Embedded_antlab/pico/pico-sdk/src/rp2_common/pico_runtime/runtime.c.obj
LOAD CMakeFiles/112_blink.dir/D_/Documents/MIPT/5th_term/Embedded_antlab/pico/pico-sdk/src/rp2_common/pico_runtime_init/runtime_init.c.obj
LOAD CMakeFiles/112_blink.dir/D_/Documents/MIPT/5th_term/Embedded_antlab/pico/pico-sdk/src/rp2_common/pico_runtime_init/runtime_init_clocks.c.obj
LOAD CMakeFiles/112_blink.dir/D_/Documents/MIPT/5th_term/Embedded_antlab/pico/pico-sdk/src/rp2_common/pico_runtime_init/runtime_init_stack_guard.c.obj
LOAD CMakeFiles/112_blink.dir/D_/Documents/MIPT/5th_term/Embedded_antlab/pico/pico-sdk/src/rp2_common/hardware_rtc/rtc.c.obj
LOAD CMakeFiles/112_blink.dir/D_/Documents/MIPT/5th_term/Embedded_antlab/pico/pico-sdk/src/rp2_common/pico_bit_ops/bit_ops_aeabi.S.obj
LOAD CMakeFiles/112_blink.dir/D_/Documents/MIPT/5th_term/Embedded_antlab/pico/pico-sdk/src/rp2_common/pico_divider/divider_hardware.S.obj
LOAD CMakeFiles/112_blink.dir/D_/Documents/MIPT/5th_term/Embedded_antlab/pico/pico-sdk/src/rp2_common/pico_double/double_aeabi_rp2040.S.obj
LOAD CMakeFiles/112_blink.dir/D_/Documents/MIPT/5th_term/Embedded_antlab/pico/pico-sdk/src/rp2_common/pico_double/double_init_rom_rp2040.c.obj
LOAD CMakeFiles/112_blink.dir/D_/Documents/MIPT/5th_term/Embedded_antlab/pico/pico-sdk/src/rp2_common/pico_double/double_math.c.obj
LOAD CMakeFiles/112_blink.dir/D_/Documents/MIPT/5th_term/Embedded_antlab/pico/pico-sdk/src/rp2_common/pico_double/double_v1_rom_shim_rp2040.S.obj
LOAD CMakeFiles/112_blink.dir/D_/Documents/MIPT/5th_term/Embedded_antlab/pico/pico-sdk/src/rp2_common/pico_int64_ops/pico_int64_ops_aeabi.S.obj
LOAD CMakeFiles/112_blink.dir/D_/Documents/MIPT/5th_term/Embedded_antlab/pico/pico-sdk/src/rp2_common/pico_float/float_aeabi_rp2040.S.obj
LOAD CMakeFiles/112_blink.dir/D_/Documents/MIPT/5th_term/Embedded_antlab/pico/pico-sdk/src/rp2_common/pico_float/float_init_rom_rp2040.c.obj
LOAD CMakeFiles/112_blink.dir/D_/Documents/MIPT/5th_term/Embedded_antlab/pico/pico-sdk/src/rp2_common/pico_float/float_math.c.obj
LOAD CMakeFiles/112_blink.dir/D_/Documents/MIPT/5th_term/Embedded_antlab/pico/pico-sdk/src/rp2_common/pico_float/float_v1_rom_shim_rp2040.S.obj
LOAD CMakeFiles/112_blink.dir/D_/Documents/MIPT/5th_term/Embedded_antlab/pico/pico-sdk/src/rp2_common/pico_malloc/malloc.c.obj
LOAD CMakeFiles/112_blink.dir/D_/Documents/MIPT/5th_term/Embedded_antlab/pico/pico-sdk/src/rp2_common/pico_mem_ops/mem_ops_aeabi.S.obj
LOAD CMakeFiles/112_blink.dir/D_/Documents/MIPT/5th_term/Embedded_antlab/pico/pico-sdk/src/rp2_common/pico_atomic/atomic.c.obj
LOAD CMakeFiles/112_blink.dir/D_/Documents/MIPT/5th_term/Embedded_antlab/pico/pico-sdk/src/rp2_common/pico_cxx_options/new_delete.cpp.obj
LOAD CMakeFiles/112_blink.dir/D_/Documents/MIPT/5th_term/Embedded_antlab/pico/pico-sdk/src/rp2_common/pico_standard_binary_info/standard_binary_info.c.obj
LOAD CMakeFiles/112_blink.dir/D_/Documents/MIPT/5th_term/Embedded_antlab/pico/pico-sdk/src/rp2_common/pico_printf/printf.c.obj
LOAD CMakeFiles/112_blink.dir/D_/Documents/MIPT/5th_term/Embedded_antlab/pico/pico-sdk/src/rp2_common/pico_crt0/crt0.S.obj
LOAD CMakeFiles/112_blink.dir/D_/Documents/MIPT/5th_term/Embedded_antlab/pico/pico-sdk/src/rp2_common/pico_clib_interface/newlib_interface.c.obj
LOAD CMakeFiles/112_blink.dir/D_/Documents/MIPT/5th_term/Embedded_antlab/pico/pico-sdk/src/rp2_common/pico_clib_interface/cxa_guard.c.obj
LOAD CMakeFiles/112_blink.dir/D_/Documents/MIPT/5th_term/Embedded_antlab/pico/pico-sdk/src/rp2_common/pico_stdio/stdio.c.obj
LOAD CMakeFiles/112_blink.dir/D_/Documents/MIPT/5th_term/Embedded_antlab/pico/pico-sdk/src/rp2_common/pico_stdio_uart/stdio_uart.c.obj
LOAD CMakeFiles/112_blink.dir/D_/Documents/MIPT/5th_term/Embedded_antlab/pico/pico-sdk/src/rp2_common/pico_thread_local/thread_local.c.obj
LOAD pico-sdk/src/rp2040/boot_stage2/CMakeFiles/bs2_default_library.dir/bs2_default_padded_checksummed.S.obj
LOAD c:/program files (x86)/gnu arm embedded toolchain/10 2021.10/bin/../lib/gcc/arm-none-eabi/10.3.1/../../../../arm-none-eabi/lib/thumb/v6-m/nofp\libstdc++.a
LOAD c:/program files (x86)/gnu arm embedded toolchain/10 2021.10/bin/../lib/gcc/arm-none-eabi/10.3.1/../../../../arm-none-eabi/lib/thumb/v6-m/nofp\libm.a
START GROUP
LOAD c:/program files (x86)/gnu arm embedded toolchain/10 2021.10/bin/../lib/gcc/arm-none-eabi/10.3.1/thumb/v6-m/nofp\libgcc.a
LOAD c:/program files (x86)/gnu arm embedded toolchain/10 2021.10/bin/../lib/gcc/arm-none-eabi/10.3.1/../../../../arm-none-eabi/lib/thumb/v6-m/nofp\libg.a
LOAD c:/program files (x86)/gnu arm embedded toolchain/10 2021.10/bin/../lib/gcc/arm-none-eabi/10.3.1/../../../../arm-none-eabi/lib/thumb/v6-m/nofp\libc.a
END GROUP
                0x20000000                PROVIDE (RAM_ORIGIN = RAM_ORIGIN_DEFAULT)
                0x00040000                PROVIDE (RAM_LENGTH = RAM_LENGTH_DEFAULT)
                0x20040000                PROVIDE (SCRATCH_X_ORIGIN = SCRATCH_X_ORIGIN_DEFAULT)
                0x00001000                PROVIDE (SCRATCH_X_LENGTH = SCRATCH_X_LENGTH_DEFAULT)
                0x20041000                PROVIDE (SCRATCH_Y_ORIGIN = SCRATCH_Y_ORIGIN_DEFAULT)
                0x00001000                PROVIDE (SCRATCH_Y_LENGTH = SCRATCH_Y_LENGTH_DEFAULT)
                0x15000000                PROVIDE (XIP_RAM_ORIGIN = XIP_RAM_ORIGIN_DEFAULT)
                0x00004000                PROVIDE (XIP_RAM_LENGTH = XIP_RAM_LENGTH_DEFAULT)
                0x20000000                RAM_ORIGIN = DEFINED (RAM_ORIGIN)?RAM_ORIGIN:RAM_ORIGIN_DEFAULT
                0x00040000                RAM_LENGTH = DEFINED (RAM_LENGTH)?RAM_LENGTH:RAM_LENGTH_DEFAULT
                0x20040000                SCRATCH_X_ORIGIN = DEFINED (SCRATCH_X_ORIGIN)?SCRATCH_X_ORIGIN:SCRATCH_X_ORIGIN_DEFAULT
                0x00001000                SCRATCH_X_LENGTH = DEFINED (SCRATCH_X_LENGTH)?SCRATCH_X_LENGTH:SCRATCH_X_LENGTH_DEFAULT
                0x20041000                SCRATCH_Y_ORIGIN = DEFINED (SCRATCH_Y_ORIGIN)?SCRATCH_Y_ORIGIN:SCRATCH_Y_ORIGIN_DEFAULT
                0x00001000                SCRATCH_Y_LENGTH = DEFINED (SCRATCH_Y_LENGTH)?SCRATCH_Y_LENGTH:SCRATCH_Y_LENGTH_DEFAULT
                0x15000000                XIP_RAM_ORIGIN = DEFINED (XIP_RAM_ORIGIN)?XIP_RAM_ORIGIN:XIP_RAM_ORIGIN_DEFAULT
                0x00004000                XIP_RAM_LENGTH = DEFINED (XIP_RAM_LENGTH)?XIP_RAM_LENGTH:XIP_RAM_LENGTH_DEFAULT

.flash_begin    0x10000000        0x0
                0x10000000                __flash_binary_start = .

.boot2          0x10000000      0x100
                0x10000000                __boot2_start__ = .
 *(.boot2)
 .boot2         0x10000000      0x100 pico-sdk/src/rp2040/boot_stage2/CMakeFiles/bs2_default_library.dir/bs2_default_padded_checksummed.S.obj
                0x10000100                __boot2_end__ = .
                0x00000001                ASSERT (((__boot2_end__ - __boot2_start__) == 0x100), ERROR: Pico second stage bootloader must be exactly 256 bytes in size for RP2040)

.text           0x10000100     0x169c
                0x10000100                __logical_binary_start = .
 *(.vectors)
 .vectors       0x10000100       0xd4 CMakeFiles/112_blink.dir/D_/Documents/MIPT/5th_term/Embedded_antlab/pico/pico-sdk/src/rp2_common/pico_crt0/crt0.S.obj
                0x10000100                __VECTOR_TABLE
                0x10000100                __vectors
                0x100001c0                isr_irq13
                0x100001c0                isr_irq27
                0x100001c0                isr_irq31
                0x100001c0                isr_irq12
                0x100001c0                isr_irq5
                0x100001c0                isr_irq11
                0x100001c0                isr_irq3
                0x100001c0                isr_irq23
                0x100001c0                __unhandled_user_irq
                0x100001c0                isr_irq26
                0x100001c0                isr_irq28
                0x100001c0                isr_irq19
                0x100001c0                isr_irq0
                0x100001c0                isr_irq6
                0x100001c0                isr_irq29
                0x100001c0                isr_irq16
                0x100001c0                isr_irq22
                0x100001c0                isr_irq18
                0x100001c0                isr_irq17
                0x100001c0                isr_irq14
                0x100001c0                __vectors_end
                0x100001c0                __default_isrs_start
                0x100001c0                isr_irq2
                0x100001c0                isr_irq10
                0x100001c0                isr_irq8
                0x100001c0                isr_irq24
                0x100001c0                isr_irq1
                0x100001c0                isr_irq7
                0x100001c0                isr_irq21
                0x100001c0                isr_irq20
                0x100001c0                isr_irq15
                0x100001c0                isr_irq25
                0x100001c0                isr_irq4
                0x100001c0                isr_irq30
                0x100001c0                isr_irq9
                0x100001c6                unhandled_user_irq_num_in_r0
                0x100001c8                isr_invalid
                0x100001ca                isr_nmi
                0x100001cc                isr_hardfault
                0x100001ce                isr_svcall
                0x100001d0                isr_pendsv
                0x100001d2                isr_systick
                0x100001d4                __default_isrs_end
 *(.binary_info_header)
 .binary_info_header
                0x100001d4       0x14 CMakeFiles/112_blink.dir/D_/Documents/MIPT/5th_term/Embedded_antlab/pico/pico-sdk/src/rp2_common/pico_crt0/crt0.S.obj
                0x100001e8                __binary_info_header_end = .
 *(.embedded_block)
                0x100001e8                __embedded_block_end = .
 *(.reset)
 .reset         0x100001e8       0x98 CMakeFiles/112_blink.dir/D_/Documents/MIPT/5th_term/Embedded_antlab/pico/pico-sdk/src/rp2_common/pico_crt0/crt0.S.obj
                0x100001e8                _entry_point
 *(.init)
 *libgcc.a:cmse_nonsecure_call.o()
 *(EXCLUDE_FILE(*libm.a: *lib*_a-mem*.o *libc.a: *libgcc.a:) .text*)
 .text.startup.main
                0x10000280       0x24 CMakeFiles/112_blink.dir/main.c.obj
                0x10000280                main
 .text.gpio_init
                0x100002a4       0x40 CMakeFiles/112_blink.dir/D_/Documents/MIPT/5th_term/Embedded_antlab/pico/pico-sdk/src/rp2_common/hardware_gpio/gpio.c.obj
                0x100002a4                gpio_init
 .text.panic    0x100002e4       0x30 CMakeFiles/112_blink.dir/D_/Documents/MIPT/5th_term/Embedded_antlab/pico/pico-sdk/src/rp2_common/pico_platform_panic/panic.c.obj
                0x100002e4                panic
 .text.hw_claim_or_assert
                0x10000314       0x44 CMakeFiles/112_blink.dir/D_/Documents/MIPT/5th_term/Embedded_antlab/pico/pico-sdk/src/common/hardware_claim/claim.c.obj
                0x10000314                hw_claim_or_assert
 .text.next_striped_spin_lock_num
                0x10000358       0x18 CMakeFiles/112_blink.dir/D_/Documents/MIPT/5th_term/Embedded_antlab/pico/pico-sdk/src/rp2_common/hardware_sync/sync.c.obj
                0x10000358                next_striped_spin_lock_num
 .text.spin_locks_reset
                0x10000370       0x1c CMakeFiles/112_blink.dir/D_/Documents/MIPT/5th_term/Embedded_antlab/pico/pico-sdk/src/rp2_common/hardware_sync_spin_lock/sync_spin_lock.c.obj
                0x10000370                spin_locks_reset
 .text.runtime_init_per_core_irq_priorities
                0x1000038c       0x24 CMakeFiles/112_blink.dir/D_/Documents/MIPT/5th_term/Embedded_antlab/pico/pico-sdk/src/rp2_common/hardware_irq/irq.c.obj
                0x1000038c                runtime_init_per_core_irq_priorities
 .text.irq_set_enabled
                0x100003b0       0x24 CMakeFiles/112_blink.dir/D_/Documents/MIPT/5th_term/Embedded_antlab/pico/pico-sdk/src/rp2_common/hardware_irq/irq.c.obj
                0x100003b0                irq_set_enabled
 .text.irq_set_exclusive_handler
                0x100003d4       0x54 CMakeFiles/112_blink.dir/D_/Documents/MIPT/5th_term/Embedded_antlab/pico/pico-sdk/src/rp2_common/hardware_irq/irq.c.obj
                0x100003d4                irq_set_exclusive_handler
 .text.lock_init
                0x10000428       0x10 CMakeFiles/112_blink.dir/D_/Documents/MIPT/5th_term/Embedded_antlab/pico/pico-sdk/src/common/pico_sync/lock_core.c.obj
                0x10000428                lock_init
 .text.runtime_init_mutex
                0x10000438       0x58 CMakeFiles/112_blink.dir/D_/Documents/MIPT/5th_term/Embedded_antlab/pico/pico-sdk/src/common/pico_sync/mutex.c.obj
                0x10000438                runtime_init_mutex
 .text.sleep_until_callback
                0x10000490       0x30 CMakeFiles/112_blink.dir/D_/Documents/MIPT/5th_term/Embedded_antlab/pico/pico-sdk/src/common/pico_time/time.c.obj
 .text.alarm_pool_irq_handler
                0x100004c0      0x308 CMakeFiles/112_blink.dir/D_/Documents/MIPT/5th_term/Embedded_antlab/pico/pico-sdk/src/common/pico_time/time.c.obj
 .text.runtime_init_default_alarm_pool
                0x100007c8       0xdc CMakeFiles/112_blink.dir/D_/Documents/MIPT/5th_term/Embedded_antlab/pico/pico-sdk/src/common/pico_time/time.c.obj
                0x100007c8                runtime_init_default_alarm_pool
 .text.alarm_pool_add_alarm_at_force_in_context
                0x100008a4       0xb0 CMakeFiles/112_blink.dir/D_/Documents/MIPT/5th_term/Embedded_antlab/pico/pico-sdk/src/common/pico_time/time.c.obj
                0x100008a4                alarm_pool_add_alarm_at_force_in_context
 .text.alarm_pool_cancel_alarm
                0x10000954       0x7c CMakeFiles/112_blink.dir/D_/Documents/MIPT/5th_term/Embedded_antlab/pico/pico-sdk/src/common/pico_time/time.c.obj
                0x10000954                alarm_pool_cancel_alarm
 .text.sleep_until
                0x100009d0       0xd0 CMakeFiles/112_blink.dir/D_/Documents/MIPT/5th_term/Embedded_antlab/pico/pico-sdk/src/common/pico_time/time.c.obj
                0x100009d0                sleep_until
 .text.sleep_ms
                0x10000aa0       0x34 CMakeFiles/112_blink.dir/D_/Documents/MIPT/5th_term/Embedded_antlab/pico/pico-sdk/src/common/pico_time/time.c.obj
                0x10000aa0                sleep_ms
 .text.best_effort_wfe_or_timeout
                0x10000ad4      0x11c CMakeFiles/112_blink.dir/D_/Documents/MIPT/5th_term/Embedded_antlab/pico/pico-sdk/src/common/pico_time/time.c.obj
                0x10000ad4                best_effort_wfe_or_timeout
 .text.timer_hardware_alarm_claim
                0x10000bf0       0x14 CMakeFiles/112_blink.dir/D_/Documents/MIPT/5th_term/Embedded_antlab/pico/pico-sdk/src/rp2_common/hardware_timer/timer.c.obj
                0x10000bf0                timer_hardware_alarm_claim
 .text.timer_time_us_64
                0x10000c04       0x10 CMakeFiles/112_blink.dir/D_/Documents/MIPT/5th_term/Embedded_antlab/pico/pico-sdk/src/rp2_common/hardware_timer/timer.c.obj
                0x10000c04                timer_time_us_64
 .text.time_us_64
                0x10000c14       0x14 CMakeFiles/112_blink.dir/D_/Documents/MIPT/5th_term/Embedded_antlab/pico/pico-sdk/src/rp2_common/hardware_timer/timer.c.obj
                0x10000c14                time_us_64
 .text.busy_wait_until
                0x10000c28       0x20 CMakeFiles/112_blink.dir/D_/Documents/MIPT/5th_term/Embedded_antlab/pico/pico-sdk/src/rp2_common/hardware_timer/timer.c.obj
                0x10000c28                busy_wait_until
 .text.clock_configure_int_divider
                0x10000c48       0xf4 CMakeFiles/112_blink.dir/D_/Documents/MIPT/5th_term/Embedded_antlab/pico/pico-sdk/src/rp2_common/hardware_clocks/clocks.c.obj
                0x10000c48                clock_configure_int_divider
 .text.clock_configure_undivided
                0x10000d3c       0xe8 CMakeFiles/112_blink.dir/D_/Documents/MIPT/5th_term/Embedded_antlab/pico/pico-sdk/src/rp2_common/hardware_clocks/clocks.c.obj
                0x10000d3c                clock_configure_undivided
 .text.clock_get_hz
                0x10000e24        0xc CMakeFiles/112_blink.dir/D_/Documents/MIPT/5th_term/Embedded_antlab/pico/pico-sdk/src/rp2_common/hardware_clocks/clocks.c.obj
                0x10000e24                clock_get_hz
 .text.pll_init
                0x10000e30       0xa0 CMakeFiles/112_blink.dir/D_/Documents/MIPT/5th_term/Embedded_antlab/pico/pico-sdk/src/rp2_common/hardware_pll/pll.c.obj
                0x10000e30                pll_init
 .text.tick_start
                0x10000ed0       0x10 CMakeFiles/112_blink.dir/D_/Documents/MIPT/5th_term/Embedded_antlab/pico/pico-sdk/src/rp2_common/hardware_ticks/ticks.c.obj
                0x10000ed0                tick_start
 .text.rom_func_lookup
                0x10000ee0       0x10 CMakeFiles/112_blink.dir/D_/Documents/MIPT/5th_term/Embedded_antlab/pico/pico-sdk/src/rp2_common/pico_bootrom/bootrom.c.obj
                0x10000ee0                rom_func_lookup
 .text.rom_data_lookup
                0x10000ef0       0x10 CMakeFiles/112_blink.dir/D_/Documents/MIPT/5th_term/Embedded_antlab/pico/pico-sdk/src/rp2_common/pico_bootrom/bootrom.c.obj
                0x10000ef0                rom_data_lookup
 .text.rom_funcs_lookup
                0x10000f00       0x44 CMakeFiles/112_blink.dir/D_/Documents/MIPT/5th_term/Embedded_antlab/pico/pico-sdk/src/rp2_common/pico_bootrom/bootrom.c.obj
                0x10000f00                rom_funcs_lookup
 .text.xosc_init
                0x10000f44       0x28 CMakeFiles/112_blink.dir/D_/Documents/MIPT/5th_term/Embedded_antlab/pico/pico-sdk/src/rp2_common/hardware_xosc/xosc.c.obj
                0x10000f44                xosc_init
 .text.first_per_core_initializer
                0x10000f6c        0x4 CMakeFiles/112_blink.dir/D_/Documents/MIPT/5th_term/Embedded_antlab/pico/pico-sdk/src/rp2_common/pico_runtime/runtime.c.obj
 .text.hard_assertion_failure
                0x10000f70        0xc CMakeFiles/112_blink.dir/D_/Documents/MIPT/5th_term/Embedded_antlab/pico/pico-sdk/src/rp2_common/pico_runtime/runtime.c.obj
                0x10000f70                hard_assertion_failure
 .text.runtime_run_initializers
                0x10000f7c       0x28 CMakeFiles/112_blink.dir/D_/Documents/MIPT/5th_term/Embedded_antlab/pico/pico-sdk/src/rp2_common/pico_runtime/runtime.c.obj
                0x10000f7c                runtime_run_initializers
 .text.runtime_init_early_resets
                0x10000fa4       0x2c CMakeFiles/112_blink.dir/D_/Documents/MIPT/5th_term/Embedded_antlab/pico/pico-sdk/src/rp2_common/pico_runtime_init/runtime_init.c.obj
                0x10000fa4                runtime_init_early_resets
 .text.runtime_init_usb_power_down
                0x10000fd0       0x1c CMakeFiles/112_blink.dir/D_/Documents/MIPT/5th_term/Embedded_antlab/pico/pico-sdk/src/rp2_common/pico_runtime_init/runtime_init.c.obj
                0x10000fd0                runtime_init_usb_power_down
 .text.runtime_init_post_clock_resets
                0x10000fec       0x20 CMakeFiles/112_blink.dir/D_/Documents/MIPT/5th_term/Embedded_antlab/pico/pico-sdk/src/rp2_common/pico_runtime_init/runtime_init.c.obj
                0x10000fec                runtime_init_post_clock_resets
 .text.runtime_init_rp2040_gpio_ie_disable
                0x1000100c       0x14 CMakeFiles/112_blink.dir/D_/Documents/MIPT/5th_term/Embedded_antlab/pico/pico-sdk/src/rp2_common/pico_runtime_init/runtime_init.c.obj
                0x1000100c                runtime_init_rp2040_gpio_ie_disable
 .text.runtime_init_spin_locks_reset
                0x10001020        0x8 CMakeFiles/112_blink.dir/D_/Documents/MIPT/5th_term/Embedded_antlab/pico/pico-sdk/src/rp2_common/pico_runtime_init/runtime_init.c.obj
                0x10001020                runtime_init_spin_locks_reset
 .text.runtime_init_install_ram_vector_table
                0x10001028       0xb4 CMakeFiles/112_blink.dir/D_/Documents/MIPT/5th_term/Embedded_antlab/pico/pico-sdk/src/rp2_common/pico_runtime_init/runtime_init.c.obj
                0x10001028                runtime_init_install_ram_vector_table
 .text.runtime_init_clocks
                0x100010dc       0xd8 CMakeFiles/112_blink.dir/D_/Documents/MIPT/5th_term/Embedded_antlab/pico/pico-sdk/src/rp2_common/pico_runtime_init/runtime_init_clocks.c.obj
                0x100010dc                runtime_init_clocks
 .text          0x100011b4       0x10 CMakeFiles/112_blink.dir/D_/Documents/MIPT/5th_term/Embedded_antlab/pico/pico-sdk/src/rp2_common/pico_bit_ops/bit_ops_aeabi.S.obj
 .text.__wrap___aeabi_uidiv
                0x100011c4       0x4c CMakeFiles/112_blink.dir/D_/Documents/MIPT/5th_term/Embedded_antlab/pico/pico-sdk/src/rp2_common/pico_divider/divider_hardware.S.obj
                0x100011c4                __wrap___aeabi_uidivmod
                0x100011c4                div_u32u32
                0x100011c4                divmod_u32u32
                0x100011c4                __wrap___aeabi_uidiv
                0x100011f4                divmod_u32u32_savestate
 .text.__aeabi_double_init
                0x10001210       0xa0 CMakeFiles/112_blink.dir/D_/Documents/MIPT/5th_term/Embedded_antlab/pico/pico-sdk/src/rp2_common/pico_double/double_init_rom_rp2040.c.obj
                0x10001210                __aeabi_double_init
 .text.double_table_shim_on_use_helper
                0x100012b0       0x2c CMakeFiles/112_blink.dir/D_/Documents/MIPT/5th_term/Embedded_antlab/pico/pico-sdk/src/rp2_common/pico_double/double_v1_rom_shim_rp2040.S.obj
                0x100012b0                double_table_shim_on_use_helper
 .text.__aeabi_lmul
                0x100012dc       0x32 CMakeFiles/112_blink.dir/D_/Documents/MIPT/5th_term/Embedded_antlab/pico/pico-sdk/src/rp2_common/pico_int64_ops/pico_int64_ops_aeabi.S.obj
                0x100012dc                __wrap___aeabi_lmul
 *fill*         0x1000130e        0x2 
 .text.__aeabi_float_init
                0x10001310       0x64 CMakeFiles/112_blink.dir/D_/Documents/MIPT/5th_term/Embedded_antlab/pico/pico-sdk/src/rp2_common/pico_float/float_init_rom_rp2040.c.obj
                0x10001310                __aeabi_float_init
 .text.float_table_shim_on_use_helper
                0x10001374       0x2c CMakeFiles/112_blink.dir/D_/Documents/MIPT/5th_term/Embedded_antlab/pico/pico-sdk/src/rp2_common/pico_float/float_v1_rom_shim_rp2040.S.obj
                0x10001374                float_table_shim_on_use_helper
 .text          0x100013a0       0x10 CMakeFiles/112_blink.dir/D_/Documents/MIPT/5th_term/Embedded_antlab/pico/pico-sdk/src/rp2_common/pico_mem_ops/mem_ops_aeabi.S.obj
                0x100013a0                __aeabi_mem_init
 .text.memcpy   0x100013b0        0xc CMakeFiles/112_blink.dir/D_/Documents/MIPT/5th_term/Embedded_antlab/pico/pico-sdk/src/rp2_common/pico_mem_ops/mem_ops_aeabi.S.obj
                0x100013b0                __wrap_memcpy
                0x100013b0                __wrap___aeabi_memcpy
 .text._out_char
                0x100013bc       0x10 CMakeFiles/112_blink.dir/D_/Documents/MIPT/5th_term/Embedded_antlab/pico/pico-sdk/src/rp2_common/pico_printf/printf.c.obj
 .text.weak_raw_vprintf
                0x100013cc       0x30 CMakeFiles/112_blink.dir/D_/Documents/MIPT/5th_term/Embedded_antlab/pico/pico-sdk/src/rp2_common/pico_printf/printf.c.obj
                0x100013cc                weak_raw_vprintf
 .text._exit    0x100013fc        0x4 CMakeFiles/112_blink.dir/D_/Documents/MIPT/5th_term/Embedded_antlab/pico/pico-sdk/src/rp2_common/pico_clib_interface/newlib_interface.c.obj
                0x100013fc                _exit
 .text._fini    0x10001400        0x4 CMakeFiles/112_blink.dir/D_/Documents/MIPT/5th_term/Embedded_antlab/pico/pico-sdk/src/rp2_common/pico_clib_interface/newlib_interface.c.obj
                0x10001400                _fini
 .text.exit     0x10001404        0x8 CMakeFiles/112_blink.dir/D_/Documents/MIPT/5th_term/Embedded_antlab/pico/pico-sdk/src/rp2_common/pico_clib_interface/newlib_interface.c.obj
                0x10001404                exit
 .text.runtime_init
                0x1000140c       0x2c CMakeFiles/112_blink.dir/D_/Documents/MIPT/5th_term/Embedded_antlab/pico/pico-sdk/src/rp2_common/pico_clib_interface/newlib_interface.c.obj
                0x1000140c                runtime_init
 .text.stdio_out_chars_no_crlf
                0x10001438       0x10 CMakeFiles/112_blink.dir/D_/Documents/MIPT/5th_term/Embedded_antlab/pico/pico-sdk/src/rp2_common/pico_stdio/stdio.c.obj
 .text.stdio_out_chars_crlf
                0x10001448       0xb4 CMakeFiles/112_blink.dir/D_/Documents/MIPT/5th_term/Embedded_antlab/pico/pico-sdk/src/rp2_common/pico_stdio/stdio.c.obj
 .text.stdio_put_string
                0x100014fc      0x100 CMakeFiles/112_blink.dir/D_/Documents/MIPT/5th_term/Embedded_antlab/pico/pico-sdk/src/rp2_common/pico_stdio/stdio.c.obj
                0x100014fc                stdio_put_string
 .text.__wrap_putchar
                0x100015fc       0x98 CMakeFiles/112_blink.dir/D_/Documents/MIPT/5th_term/Embedded_antlab/pico/pico-sdk/src/rp2_common/pico_stdio/stdio.c.obj
                0x100015fc                __wrap_putchar
                0x100015fc                stdio_putchar
 .text.__wrap_puts
                0x10001694       0x3c CMakeFiles/112_blink.dir/D_/Documents/MIPT/5th_term/Embedded_antlab/pico/pico-sdk/src/rp2_common/pico_stdio/stdio.c.obj
                0x10001694                stdio_puts
                0x10001694                __wrap_puts
 .text.strlen   0x100016d0       0x5c c:/program files (x86)/gnu arm embedded toolchain/10 2021.10/bin/../lib/gcc/arm-none-eabi/10.3.1/../../../../arm-none-eabi/lib/thumb/v6-m/nofp\libg.a(lib_a-strlen-stub.o)
                0x100016d0                strlen
 *fill*         0x1000172c        0x4 
 .text.strlen.__stub
                0x10001730       0x30 linker stubs
 *(.fini)
 *crtbegin.o(.ctors)
 *crtbegin?.o(.ctors)
 *(EXCLUDE_FILE(*crtend.o *crtend?.o) .ctors)
 *(SORT_BY_NAME(.ctors.*))
 *(.ctors)
 *crtbegin.o(.dtors)
 *crtbegin?.o(.dtors)
 *(EXCLUDE_FILE(*crtend.o *crtend?.o) .dtors)
 *(SORT_BY_NAME(.dtors.*))
 *(.dtors)
                0x10001760                . = ALIGN (0x4)
                [!provide]                PROVIDE (__bothinit_array_start = .)
                0x10001760                PROVIDE (__preinit_array_start = .)
 *(SORT_BY_NAME(.preinit_array.*))
 .preinit_array.00100
                0x10001760        0x4 CMakeFiles/112_blink.dir/D_/Documents/MIPT/5th_term/Embedded_antlab/pico/pico-sdk/src/rp2_common/pico_runtime_init/runtime_init.c.obj
                0x10001760                __pre_init_runtime_init_early_resets
 .preinit_array.00101
                0x10001764        0x4 CMakeFiles/112_blink.dir/D_/Documents/MIPT/5th_term/Embedded_antlab/pico/pico-sdk/src/rp2_common/pico_runtime_init/runtime_init.c.obj
                0x10001764                __pre_init_runtime_init_usb_power_down
 .preinit_array.00275
                0x10001768        0x4 CMakeFiles/112_blink.dir/D_/Documents/MIPT/5th_term/Embedded_antlab/pico/pico-sdk/src/rp2_common/pico_bit_ops/bit_ops_aeabi.S.obj
 .preinit_array.00300
                0x1000176c        0x4 CMakeFiles/112_blink.dir/D_/Documents/MIPT/5th_term/Embedded_antlab/pico/pico-sdk/src/rp2_common/pico_mem_ops/mem_ops_aeabi.S.obj
 .preinit_array.00350
                0x10001770        0x4 CMakeFiles/112_blink.dir/D_/Documents/MIPT/5th_term/Embedded_antlab/pico/pico-sdk/src/rp2_common/pico_double/double_aeabi_rp2040.S.obj
 .preinit_array.00350
                0x10001774        0x4 CMakeFiles/112_blink.dir/D_/Documents/MIPT/5th_term/Embedded_antlab/pico/pico-sdk/src/rp2_common/pico_float/float_aeabi_rp2040.S.obj
 .preinit_array.00500
                0x10001778        0x4 CMakeFiles/112_blink.dir/D_/Documents/MIPT/5th_term/Embedded_antlab/pico/pico-sdk/src/rp2_common/pico_runtime_init/runtime_init.c.obj
                0x10001778                __pre_init_runtime_init_clocks
 .preinit_array.00600
                0x1000177c        0x4 CMakeFiles/112_blink.dir/D_/Documents/MIPT/5th_term/Embedded_antlab/pico/pico-sdk/src/rp2_common/pico_runtime_init/runtime_init.c.obj
                0x1000177c                __pre_init_runtime_init_post_clock_resets
 .preinit_array.00700
                0x10001780        0x4 CMakeFiles/112_blink.dir/D_/Documents/MIPT/5th_term/Embedded_antlab/pico/pico-sdk/src/rp2_common/pico_runtime_init/runtime_init.c.obj
                0x10001780                __pre_init_runtime_init_rp2040_gpio_ie_disable
 .preinit_array.01000
                0x10001784        0x4 CMakeFiles/112_blink.dir/D_/Documents/MIPT/5th_term/Embedded_antlab/pico/pico-sdk/src/rp2_common/pico_runtime_init/runtime_init.c.obj
                0x10001784                __pre_init_runtime_init_spin_locks_reset
 .preinit_array.01100
                0x10001788        0x4 CMakeFiles/112_blink.dir/D_/Documents/MIPT/5th_term/Embedded_antlab/pico/pico-sdk/src/common/pico_sync/mutex.c.obj
                0x10001788                __pre_init_runtime_init_mutex
 .preinit_array.10080
                0x1000178c        0x4 CMakeFiles/112_blink.dir/D_/Documents/MIPT/5th_term/Embedded_antlab/pico/pico-sdk/src/rp2_common/pico_runtime_init/runtime_init.c.obj
                0x1000178c                __pre_init_runtime_init_install_ram_vector_table
 .preinit_array.11000
                0x10001790        0x4 CMakeFiles/112_blink.dir/D_/Documents/MIPT/5th_term/Embedded_antlab/pico/pico-sdk/src/common/pico_time/time.c.obj
                0x10001790                __pre_init_runtime_init_default_alarm_pool
 .preinit_array.YYYYY
                0x10001794        0x4 CMakeFiles/112_blink.dir/D_/Documents/MIPT/5th_term/Embedded_antlab/pico/pico-sdk/src/rp2_common/pico_runtime/runtime.c.obj
                0x10001794                __pre_init_first_per_core_initializer
 .preinit_array.ZZZZZ.01200
                0x10001798        0x4 CMakeFiles/112_blink.dir/D_/Documents/MIPT/5th_term/Embedded_antlab/pico/pico-sdk/src/rp2_common/hardware_irq/irq.c.obj
                0x10001798                __pre_init_runtime_init_per_core_irq_priorities
 *(.preinit_array)
                0x1000179c                PROVIDE (__preinit_array_end = .)
                0x1000179c                . = ALIGN (0x4)
                0x1000179c                PROVIDE (__init_array_start = .)
 *(SORT_BY_NAME(.init_array.*))
 *(.init_array)
                0x1000179c                PROVIDE (__init_array_end = .)
                [!provide]                PROVIDE (__bothinit_array_end = .)
                0x1000179c                . = ALIGN (0x4)
                [!provide]                PROVIDE (__fini_array_start = .)
 *(SORT_BY_NAME(.fini_array.*))
 *(.fini_array)
                [!provide]                PROVIDE (__fini_array_end = .)
                [!provide]                PROVIDE (__dso_handle = 0x0)
 *(.eh_frame*)
                0x1000179c                . = ALIGN (0x4)

.glue_7         0x1000179c        0x0
 .glue_7        0x1000179c        0x0 linker stubs

.glue_7t        0x1000179c        0x0
 .glue_7t       0x1000179c        0x0 linker stubs

.vfp11_veneer   0x1000179c        0x0
 .vfp11_veneer  0x1000179c        0x0 linker stubs

.v4_bx          0x1000179c        0x0
 .v4_bx         0x1000179c        0x0 linker stubs

.iplt           0x1000179c        0x0
 .iplt          0x1000179c        0x0 CMakeFiles/112_blink.dir/main.c.obj

.rodata         0x1000179c       0xd8
 *(EXCLUDE_FILE(*libm.a: *lib*_a-mem*.o *libc.a: *libgcc.a:) .rodata*)
 .rodata.panic.str1.4
                0x1000179c       0x10 CMakeFiles/112_blink.dir/D_/Documents/MIPT/5th_term/Embedded_antlab/pico/pico-sdk/src/rp2_common/pico_platform_panic/panic.c.obj
                                 0x11 (size before relaxing)
 .rodata.timer_hardware_alarm_claim.str1.4
                0x100017ac       0x22 CMakeFiles/112_blink.dir/D_/Documents/MIPT/5th_term/Embedded_antlab/pico/pico-sdk/src/rp2_common/hardware_timer/timer.c.obj
 *fill*         0x100017ce        0x2 
 .rodata.hard_assertion_failure.str1.4
                0x100017d0        0xc CMakeFiles/112_blink.dir/D_/Documents/MIPT/5th_term/Embedded_antlab/pico/pico-sdk/src/rp2_common/pico_runtime/runtime.c.obj
 .rodata.str1.4
                0x100017dc       0x40 CMakeFiles/112_blink.dir/D_/Documents/MIPT/5th_term/Embedded_antlab/pico/pico-sdk/src/rp2_common/pico_standard_binary_info/standard_binary_info.c.obj
 .rodata.__bi_26
                0x1000181c        0xc CMakeFiles/112_blink.dir/D_/Documents/MIPT/5th_term/Embedded_antlab/pico/pico-sdk/src/rp2_common/pico_standard_binary_info/standard_binary_info.c.obj
 .rodata.__bi_34
                0x10001828        0xc CMakeFiles/112_blink.dir/D_/Documents/MIPT/5th_term/Embedded_antlab/pico/pico-sdk/src/rp2_common/pico_standard_binary_info/standard_binary_info.c.obj
 .rodata.__bi_42
                0x10001834        0xc CMakeFiles/112_blink.dir/D_/Documents/MIPT/5th_term/Embedded_antlab/pico/pico-sdk/src/rp2_common/pico_standard_binary_info/standard_binary_info.c.obj
 .rodata.__bi_48
                0x10001840        0xc CMakeFiles/112_blink.dir/D_/Documents/MIPT/5th_term/Embedded_antlab/pico/pico-sdk/src/rp2_common/pico_standard_binary_info/standard_binary_info.c.obj
 .rodata.__bi_54
                0x1000184c        0xc CMakeFiles/112_blink.dir/D_/Documents/MIPT/5th_term/Embedded_antlab/pico/pico-sdk/src/rp2_common/pico_standard_binary_info/standard_binary_info.c.obj
 .rodata.__bi_78
                0x10001858        0xc CMakeFiles/112_blink.dir/D_/Documents/MIPT/5th_term/Embedded_antlab/pico/pico-sdk/src/rp2_common/pico_standard_binary_info/standard_binary_info.c.obj
 .rodata.__bi_84
                0x10001864        0xc CMakeFiles/112_blink.dir/D_/Documents/MIPT/5th_term/Embedded_antlab/pico/pico-sdk/src/rp2_common/pico_standard_binary_info/standard_binary_info.c.obj
 .rodata.crlf_str.0
                0x10001870        0x2 CMakeFiles/112_blink.dir/D_/Documents/MIPT/5th_term/Embedded_antlab/pico/pico-sdk/src/rp2_common/pico_stdio/stdio.c.obj
 *(.srodata*)
                0x10001874                . = ALIGN (0x4)
 *fill*         0x10001872        0x2 
 *(SORT_BY_ALIGNMENT(SORT_BY_NAME(.flashdata*)))
                0x10001874                . = ALIGN (0x4)

.ARM.extab
 *(.ARM.extab* .gnu.linkonce.armextab.*)
                0x10001874                __exidx_start = .

.ARM.exidx
 *(.ARM.exidx* .gnu.linkonce.armexidx.*)
                0x10001874                __exidx_end = .
                0x10001874                . = ALIGN (0x4)
                0x10001874                __binary_info_start = .

.binary_info    0x10001874       0x1c
 *(.binary_info.keep.*)
 .binary_info.keep.__bi_ptr26
                0x10001874        0x4 CMakeFiles/112_blink.dir/D_/Documents/MIPT/5th_term/Embedded_antlab/pico/pico-sdk/src/rp2_common/pico_standard_binary_info/standard_binary_info.c.obj
 .binary_info.keep.__bi_ptr34
                0x10001878        0x4 CMakeFiles/112_blink.dir/D_/Documents/MIPT/5th_term/Embedded_antlab/pico/pico-sdk/src/rp2_common/pico_standard_binary_info/standard_binary_info.c.obj
 .binary_info.keep.__bi_ptr42
                0x1000187c        0x4 CMakeFiles/112_blink.dir/D_/Documents/MIPT/5th_term/Embedded_antlab/pico/pico-sdk/src/rp2_common/pico_standard_binary_info/standard_binary_info.c.obj
 .binary_info.keep.__bi_ptr48
                0x10001880        0x4 CMakeFiles/112_blink.dir/D_/Documents/MIPT/5th_term/Embedded_antlab/pico/pico-sdk/src/rp2_common/pico_standard_binary_info/standard_binary_info.c.obj
 .binary_info.keep.__bi_ptr54
                0x10001884        0x4 CMakeFiles/112_blink.dir/D_/Documents/MIPT/5th_term/Embedded_antlab/pico/pico-sdk/src/rp2_common/pico_standard_binary_info/standard_binary_info.c.obj
 .binary_info.keep.__bi_ptr78
                0x10001888        0x4 CMakeFiles/112_blink.dir/D_/Documents/MIPT/5th_term/Embedded_antlab/pico/pico-sdk/src/rp2_common/pico_standard_binary_info/standard_binary_info.c.obj
 .binary_info.keep.__bi_ptr84
                0x1000188c        0x4 CMakeFiles/112_blink.dir/D_/Documents/MIPT/5th_term/Embedded_antlab/pico/pico-sdk/src/rp2_common/pico_standard_binary_info/standard_binary_info.c.obj
 *(.binary_info.*)
                0x10001890                __binary_info_end = .
                0x10001890                . = ALIGN (0x4)

.xip_ram        0x15000000        0x0 load address 0x10001890
                0x15000000                __xip_ram_start__ = .
                0x15000000                . = ALIGN (0x4)
 *(.xip_ram*)
                0x15000000                . = ALIGN (0x4)
                0x15000000                __xip_ram_end__ = .
                0x10001890                __xip_ram_source__ = LOADADDR (.xip_ram)

.ram_vector_table
                0x20000000       0xc0
 *(.ram_vector_table)
 .ram_vector_table
                0x20000000       0xc0 CMakeFiles/112_blink.dir/D_/Documents/MIPT/5th_term/Embedded_antlab/pico/pico-sdk/src/rp2_common/pico_runtime_init/runtime_init.c.obj
                0x20000000                ram_vector_table

.uninitialized_data
                0x200000c0        0x0
                0x200000c0                . = ALIGN (0x4)
 *(.uninitialized_data*)

.data           0x200000c0      0x178 load address 0x10001890
                0x200000c0                __data_start__ = .
 *(vtable)
 *(.time_critical*)
 .time_critical.mutex_try_enter
                0x200000c0       0x44 CMakeFiles/112_blink.dir/D_/Documents/MIPT/5th_term/Embedded_antlab/pico/pico-sdk/src/common/pico_sync/mutex.c.obj
                0x200000c0                mutex_try_enter
 .time_critical.mutex_enter_block_until
                0x20000104       0x74 CMakeFiles/112_blink.dir/D_/Documents/MIPT/5th_term/Embedded_antlab/pico/pico-sdk/src/common/pico_sync/mutex.c.obj
                0x20000104                mutex_enter_block_until
 .time_critical.mutex_try_enter_block_until
                0x20000178       0x34 CMakeFiles/112_blink.dir/D_/Documents/MIPT/5th_term/Embedded_antlab/pico/pico-sdk/src/common/pico_sync/mutex.c.obj
                0x20000178                mutex_try_enter_block_until
 .time_critical.mutex_exit
                0x200001ac       0x28 CMakeFiles/112_blink.dir/D_/Documents/MIPT/5th_term/Embedded_antlab/pico/pico-sdk/src/common/pico_sync/mutex.c.obj
                0x200001ac                mutex_exit
 *(.text*)
 .text          0x200001d4        0x4 c:/program files (x86)/gnu arm embedded toolchain/10 2021.10/bin/../lib/gcc/arm-none-eabi/10.3.1/thumb/v6-m/nofp\libgcc.a(_dvmd_tls.o)
                0x200001d4                __aeabi_idiv0
                0x200001d4                __aeabi_ldiv0
 .text.__stub   0x200001d8       0x10 linker stubs
                0x200001e8                . = ALIGN (0x4)
 *(.rodata*)
                0x200001e8                . = ALIGN (0x4)
                0x200001e8                PROVIDE (__emutls_array_start = .)
 *(.*.__emutls_v.*)
                0x200001e8                PROVIDE (__emutls_array_end = .)
                0x200001e8                . = ALIGN (0x4)
 *(.data*)
 .data.striped_spin_lock_num
                0x200001e8        0x1 CMakeFiles/112_blink.dir/D_/Documents/MIPT/5th_term/Embedded_antlab/pico/pico-sdk/src/rp2_common/hardware_sync/sync.c.obj
 *fill*         0x200001e9        0x3 
 .data.default_alarm_pool
                0x200001ec       0x18 CMakeFiles/112_blink.dir/D_/Documents/MIPT/5th_term/Embedded_antlab/pico/pico-sdk/src/common/pico_time/time.c.obj
 *fill*         0x20000204        0x4 
 .data.last_added.0
                0x20000208        0x8 CMakeFiles/112_blink.dir/D_/Documents/MIPT/5th_term/Embedded_antlab/pico/pico-sdk/src/common/pico_time/time.c.obj
 .data.aeabi_bits_funcs
                0x20000210       0x10 CMakeFiles/112_blink.dir/D_/Documents/MIPT/5th_term/Embedded_antlab/pico/pico-sdk/src/rp2_common/pico_bit_ops/bit_ops_aeabi.S.obj
                0x20000210                aeabi_bits_funcs
                0x20000220                aeabi_bits_funcs_end
 .data.aeabi_mem_funcs
                0x20000220       0x10 CMakeFiles/112_blink.dir/D_/Documents/MIPT/5th_term/Embedded_antlab/pico/pico-sdk/src/rp2_common/pico_mem_ops/mem_ops_aeabi.S.obj
                0x20000220                aeabi_mem_funcs
                0x20000230                aeabi_mem_funcs_end
 *(.sdata*)
                0x20000230                . = ALIGN (0x4)
 *(.after_data.*)
                0x20000230                . = ALIGN (0x4)
                0x20000230                PROVIDE (__mutex_array_start = .)
 *(SORT_BY_NAME(.mutex_array.*))
 *(.mutex_array)
 .mutex_array   0x20000230        0x8 CMakeFiles/112_blink.dir/D_/Documents/MIPT/5th_term/Embedded_antlab/pico/pico-sdk/src/rp2_common/pico_stdio/stdio.c.obj
                0x20000238                PROVIDE (__mutex_array_end = .)
 *(.jcr)
                0x20000238                . = ALIGN (0x4)

.igot.plt       0x20000238        0x0 load address 0x10001a08
 .igot.plt      0x20000238        0x0 CMakeFiles/112_blink.dir/main.c.obj

.tdata          0x20000238        0x0 load address 0x10001a08
                0x20000238                . = ALIGN (0x4)
 *(.tdata .tdata.* .gnu.linkonce.td.*)
                0x20000238                __tdata_end = .
                0x20000238                PROVIDE (__data_end__ = .)
                0x10001890                __etext = LOADADDR (.data)
                0x20000238                . = ALIGN (0x4)

.tbss           0x20000238        0x0 load address 0x10001a08
                0x20000238                __bss_start__ = .
                0x20000238                __tls_base = .
 *(.tbss .tbss.* .gnu.linkonce.tb.*)
 *(.tcommon)
                0x20000238                . = ALIGN (0x4)
                0x20000238                __tls_end = .

.tbss_space     0x20000238        0x0 load address 0x10001a08
                0x20000238                . = (__bss_start__ + SIZEOF (.tbss))

.bss            0x20000238      0x3d0 load address 0x10001a08
                0x20000238                . = ALIGN (0x4)
                0x20000238                __tbss_end = .
 *(SORT_BY_ALIGNMENT(SORT_BY_NAME(.bss*)))
 .bss.default_alarm_pool_entries
                0x20000238      0x180 CMakeFiles/112_blink.dir/D_/Documents/MIPT/5th_term/Embedded_antlab/pico/pico-sdk/src/common/pico_time/time.c.obj
 .bss.sd_table  0x200003b8      0x100 CMakeFiles/112_blink.dir/D_/Documents/MIPT/5th_term/Embedded_antlab/pico/pico-sdk/src/rp2_common/pico_double/double_init_rom_rp2040.c.obj
                0x200003b8                sd_table
 .bss.sf_table  0x200004b8      0x100 CMakeFiles/112_blink.dir/D_/Documents/MIPT/5th_term/Embedded_antlab/pico/pico-sdk/src/rp2_common/pico_float/float_init_rom_rp2040.c.obj
                0x200004b8                sf_table
 .bss.claimed   0x200005b8        0x1 CMakeFiles/112_blink.dir/D_/Documents/MIPT/5th_term/Embedded_antlab/pico/pico-sdk/src/rp2_common/hardware_timer/timer.c.obj
 *fill*         0x200005b9        0x3 
 .bss.configured_freq
                0x200005bc       0x28 CMakeFiles/112_blink.dir/D_/Documents/MIPT/5th_term/Embedded_antlab/pico/pico-sdk/src/rp2_common/hardware_clocks/clocks.c.obj
 .bss.drivers   0x200005e4        0x4 CMakeFiles/112_blink.dir/D_/Documents/MIPT/5th_term/Embedded_antlab/pico/pico-sdk/src/rp2_common/pico_stdio/stdio.c.obj
 .bss.filter    0x200005e8        0x4 CMakeFiles/112_blink.dir/D_/Documents/MIPT/5th_term/Embedded_antlab/pico/pico-sdk/src/rp2_common/pico_stdio/stdio.c.obj
 .bss.lazy_vsnprintf
                0x200005ec        0x4 CMakeFiles/112_blink.dir/D_/Documents/MIPT/5th_term/Embedded_antlab/pico/pico-sdk/src/rp2_common/pico_printf/printf.c.obj
 .bss.pools     0x200005f0       0x10 CMakeFiles/112_blink.dir/D_/Documents/MIPT/5th_term/Embedded_antlab/pico/pico-sdk/src/common/pico_time/time.c.obj
 .bss.sf_clz_func
                0x20000600        0x4 CMakeFiles/112_blink.dir/D_/Documents/MIPT/5th_term/Embedded_antlab/pico/pico-sdk/src/rp2_common/pico_double/double_init_rom_rp2040.c.obj
                0x20000600                sf_clz_func
 .bss.sleep_notifier
                0x20000604        0x4 CMakeFiles/112_blink.dir/D_/Documents/MIPT/5th_term/Embedded_antlab/pico/pico-sdk/src/common/pico_time/time.c.obj
 *(COMMON)
                [!provide]                PROVIDE (__global_pointer$ = (. + 0x800))
 *(.sbss*)
                0x20000608                . = ALIGN (0x4)
                0x20000608                __bss_end__ = .
                [!provide]                PROVIDE (__tls_start = SIZEOF (.tdata)?ADDR (.tdata):ADDR (.tbss))
                [!provide]                PROVIDE (__tls_size = (__tls_end - __tls_start))
                [!provide]                PROVIDE (__tls_align = MAX (ALIGNOF (.tdata), ALIGNOF (.tbss)))
                [!provide]                PROVIDE (__tls_size_align = ALIGN (__tls_size, __tls_align))
                [!provide]                PROVIDE (__arm32_tls_tcb_offset = MAX (0x8, __tls_align))
                [!provide]                PROVIDE (__tdata_size = SIZEOF (.tdata))
                [!provide]                PROVIDE (__tdata_source = LOADADDR (.tdata))
                [!provide]                PROVIDE (__tbss_size = SIZEOF (.tbss))
                [!provide]                PROVIDE (__tbss_offset = (ADDR (.tbss) - __tls_start))

.tlsX_not_needed_marker
                0x20000608        0x0 load address 0x10001a08
 *(.tlsX_not_needed_marker)
                [!provide]                PROVIDE (__tlsX_align = (SIZEOF (.tlsX_not_needed_marker) > 0x0)?0x4:__tls_align)
                [!provide]                PROVIDE (__tlsX_size_align = (SIZEOF (.tlsX_not_needed_marker) > 0x0)?0x0:__tls_size_align)
                0x20000238                __tls_start = DEFINED (__tls_start)?__tls_start:SIZEOF (.tdata)?ADDR (.tdata):ADDR (.tbss)
                0x00000000                __tls_size = DEFINED (__tls_size)?__tls_size:(__tls_end - __tls_start)
                0x00000001                __tls_align = DEFINED (__tls_align)?__tls_align:MAX (ALIGNOF (.tdata), ALIGNOF (.tbss))
                0x00000000                __tls_size_align = DEFINED (__tls_size_align)?__tls_size_align:ALIGN (__tls_size, __tls_align)
                0x00000008                __arm32_tls_tcb_offset = DEFINED (__arm32_tls_tcb_offset)?__arm32_tls_tcb_offset:MAX (0x8, __tls_align)
                0x00000000                __tdata_size = DEFINED (__tdata_size)?__tdata_size:SIZEOF (.tdata)
                0x10001a08                __tdata_source = DEFINED (__tdata_source)?__tdata_source:LOADADDR (.tdata)
                0x00000000                __tbss_size = DEFINED (__tbss_size)?__tbss_size:SIZEOF (.tbss)
                0x00000000                __tbss_offset = DEFINED (__tbss_offset)?__tbss_offset:(ADDR (.tbss) - __tls_start)
                0x00000001                __tlsX_align = DEFINED (__tlsX_align)?__tlsX_align:(SIZEOF (.tlsX_not_needed_marker) > 0x0)?0x4:__tls_align
                0x00000000                __tlsX_size_align = DEFINED (__tlsX_size_align)?__tlsX_size_align:(SIZEOF (.tlsX_not_needed_marker) > 0x0)?0x0:__tls_size_align

.tls0           0x20000608        0x0 load address 0x10001a08
                0x20000608                . = ALIGN (__tlsX_align)
                [!provide]                PROVIDE (__tls0_base = .)
                0x20000608                . = (. + __tlsX_size_align)

.tls1           0x20000608        0x0 load address 0x10001a08
                0x20000608                . = ALIGN (__tlsX_align)
                [!provide]                PROVIDE (__tls1_base = .)
                0x20000608                . = (. + __tlsX_size_align)

.persistent_data
                0x20000608        0x0 load address 0x10001a08
                0x20000608                __persistent_data_start__ = .
 *(.persistent_data*)
                0x20000608                . = ALIGN (0x4)
                [!provide]                PROVIDE (__persistent_data_end__ = .)

.dummy_pre_heap
                0x20000608        0x0 load address 0x10001a08
                0x20000608                . = .

.heap           0x20000608      0x800
                0x20000608                __end__ = .
                0x20000608                end = __end__
 *(.heap*)
 .heap          0x20000608      0x800 CMakeFiles/112_blink.dir/D_/Documents/MIPT/5th_term/Embedded_antlab/pico/pico-sdk/src/rp2_common/pico_crt0/crt0.S.obj
                0x20040000                __HeapLimit = DEFINED (HEAP_LIMIT)?HEAP_LIMIT:(ORIGIN (RAM) + LENGTH (RAM))

.scratch_x      0x20040000        0x0 load address 0x10001a08
                0x20040000                __scratch_x_start__ = .
 *(.scratch_x.*)
                0x20040000                . = ALIGN (0x4)
                0x20040000                __scratch_x_end__ = .
                0x10001a08                __scratch_x_source__ = LOADADDR (.scratch_x)

.scratch_y      0x20041000        0x0 load address 0x10001a08
                0x20041000                __scratch_y_start__ = .
 *(.scratch_y.*)
                0x20041000                . = ALIGN (0x4)
                0x20041000                __scratch_y_end__ = .
                0x10001a08                __scratch_y_source__ = LOADADDR (.scratch_y)

.stack1_dummy   0x20040000        0x0
 *(.stack1*)

.stack_dummy    0x20041000      0x800
 *(.stack*)
 .stack         0x20041000      0x800 CMakeFiles/112_blink.dir/D_/Documents/MIPT/5th_term/Embedded_antlab/pico/pico-sdk/src/rp2_common/pico_crt0/crt0.S.obj

.rel.dyn        0x20041800        0x0
 .rel.iplt      0x20041800        0x0 CMakeFiles/112_blink.dir/main.c.obj

.flash_end      0x10001a08        0x0
 *(.embedded_end_block*)
                0x10001a08                PROVIDE (__flash_binary_end = .)
                0x20040000                __StackLimit = (ORIGIN (RAM) + LENGTH (RAM))
                0x20041000                __StackOneTop = (ORIGIN (SCRATCH_X) + LENGTH (SCRATCH_X))
                0x20042000                __StackTop = (ORIGIN (SCRATCH_Y) + LENGTH (SCRATCH_Y))
                0x20041000                __StackOneBottom = (__StackOneTop - SIZEOF (.stack1_dummy))
                0x20041800                __StackBottom = (__StackTop - SIZEOF (.stack_dummy))
                [!provide]                PROVIDE (__stack = __StackTop)
                [!provide]                PROVIDE (__heap_start = __end__)
                [!provide]                PROVIDE (__heap_end = __HeapLimit)
                [!provide]                PROVIDE (__tls_align = MAX (ALIGNOF (.tdata), ALIGNOF (.tbss)))
                [!provide]                PROVIDE (__tls_size_align = (((__tls_size + __tls_align) - 0x1) & ~ ((__tls_align - 0x1))))
                [!provide]                PROVIDE (__arm32_tls_tcb_offset = MAX (0x8, __tls_align))
                [!provide]                PROVIDE (_end = __end__)
                [!provide]                PROVIDE (__llvm_libc_heap_limit = __HeapLimit)
                0x00000001                ASSERT ((__StackLimit >= __HeapLimit), region RAM overflowed)
                0x00000001                ASSERT (((__binary_info_header_end - __logical_binary_start) <= 0x100), Binary info must be in first 256 bytes of the binary)
OUTPUT(112_blink.elf elf32-littlearm)
LOAD linker stubs

.debug_info     0x00000000    0x19981
 .debug_info    0x00000000      0x8d3 CMakeFiles/112_blink.dir/main.c.obj
 .debug_info    0x000008d3     0x23d2 CMakeFiles/112_blink.dir/D_/Documents/MIPT/5th_term/Embedded_antlab/pico/pico-sdk/src/rp2_common/hardware_gpio/gpio.c.obj
 .debug_info    0x00002ca5      0x19c CMakeFiles/112_blink.dir/D_/Documents/MIPT/5th_term/Embedded_antlab/pico/pico-sdk/src/rp2_common/pico_platform_panic/panic.c.obj
 .debug_info    0x00002e41      0xa55 CMakeFiles/112_blink.dir/D_/Documents/MIPT/5th_term/Embedded_antlab/pico/pico-sdk/src/common/hardware_claim/claim.c.obj
 .debug_info    0x00003896      0x3f7 CMakeFiles/112_blink.dir/D_/Documents/MIPT/5th_term/Embedded_antlab/pico/pico-sdk/src/rp2_common/hardware_sync/sync.c.obj
 .debug_info    0x00003c8d      0x250 CMakeFiles/112_blink.dir/D_/Documents/MIPT/5th_term/Embedded_antlab/pico/pico-sdk/src/rp2_common/hardware_sync_spin_lock/sync_spin_lock.c.obj
 .debug_info    0x00003edd     0x237c CMakeFiles/112_blink.dir/D_/Documents/MIPT/5th_term/Embedded_antlab/pico/pico-sdk/src/rp2_common/hardware_irq/irq.c.obj
 .debug_info    0x00006259      0x162 CMakeFiles/112_blink.dir/D_/Documents/MIPT/5th_term/Embedded_antlab/pico/pico-sdk/src/common/pico_sync/lock_core.c.obj
 .debug_info    0x000063bb     0x1dac CMakeFiles/112_blink.dir/D_/Documents/MIPT/5th_term/Embedded_antlab/pico/pico-sdk/src/common/pico_sync/mutex.c.obj
 .debug_info    0x00008167     0x4a58 CMakeFiles/112_blink.dir/D_/Documents/MIPT/5th_term/Embedded_antlab/pico/pico-sdk/src/common/pico_time/time.c.obj
 .debug_info    0x0000cbbf     0x2b27 CMakeFiles/112_blink.dir/D_/Documents/MIPT/5th_term/Embedded_antlab/pico/pico-sdk/src/rp2_common/hardware_timer/timer.c.obj
 .debug_info    0x0000f6e6     0x2eda CMakeFiles/112_blink.dir/D_/Documents/MIPT/5th_term/Embedded_antlab/pico/pico-sdk/src/rp2_common/hardware_clocks/clocks.c.obj
 .debug_info    0x000125c0      0x51d CMakeFiles/112_blink.dir/D_/Documents/MIPT/5th_term/Embedded_antlab/pico/pico-sdk/src/rp2_common/hardware_pll/pll.c.obj
 .debug_info    0x00012add      0x25a CMakeFiles/112_blink.dir/D_/Documents/MIPT/5th_term/Embedded_antlab/pico/pico-sdk/src/rp2_common/hardware_ticks/ticks.c.obj
 .debug_info    0x00012d37      0x516 CMakeFiles/112_blink.dir/D_/Documents/MIPT/5th_term/Embedded_antlab/pico/pico-sdk/src/rp2_common/pico_bootrom/bootrom.c.obj
 .debug_info    0x0001324d      0x1e1 CMakeFiles/112_blink.dir/D_/Documents/MIPT/5th_term/Embedded_antlab/pico/pico-sdk/src/rp2_common/hardware_xosc/xosc.c.obj
 .debug_info    0x0001342e      0x214 CMakeFiles/112_blink.dir/D_/Documents/MIPT/5th_term/Embedded_antlab/pico/pico-sdk/src/rp2_common/pico_runtime/runtime.c.obj
 .debug_info    0x00013642      0x82e CMakeFiles/112_blink.dir/D_/Documents/MIPT/5th_term/Embedded_antlab/pico/pico-sdk/src/rp2_common/pico_runtime_init/runtime_init.c.obj
 .debug_info    0x00013e70      0x719 CMakeFiles/112_blink.dir/D_/Documents/MIPT/5th_term/Embedded_antlab/pico/pico-sdk/src/rp2_common/pico_runtime_init/runtime_init_clocks.c.obj
 .debug_info    0x00014589       0x22 CMakeFiles/112_blink.dir/D_/Documents/MIPT/5th_term/Embedded_antlab/pico/pico-sdk/src/rp2_common/pico_bit_ops/bit_ops_aeabi.S.obj
 .debug_info    0x000145ab       0x22 CMakeFiles/112_blink.dir/D_/Documents/MIPT/5th_term/Embedded_antlab/pico/pico-sdk/src/rp2_common/pico_divider/divider_hardware.S.obj
 .debug_info    0x000145cd       0x22 CMakeFiles/112_blink.dir/D_/Documents/MIPT/5th_term/Embedded_antlab/pico/pico-sdk/src/rp2_common/pico_double/double_aeabi_rp2040.S.obj
 .debug_info    0x000145ef      0x24a CMakeFiles/112_blink.dir/D_/Documents/MIPT/5th_term/Embedded_antlab/pico/pico-sdk/src/rp2_common/pico_double/double_init_rom_rp2040.c.obj
 .debug_info    0x00014839       0x22 CMakeFiles/112_blink.dir/D_/Documents/MIPT/5th_term/Embedded_antlab/pico/pico-sdk/src/rp2_common/pico_double/double_v1_rom_shim_rp2040.S.obj
 .debug_info    0x0001485b       0x26 CMakeFiles/112_blink.dir/D_/Documents/MIPT/5th_term/Embedded_antlab/pico/pico-sdk/src/rp2_common/pico_int64_ops/pico_int64_ops_aeabi.S.obj
 .debug_info    0x00014881       0x22 CMakeFiles/112_blink.dir/D_/Documents/MIPT/5th_term/Embedded_antlab/pico/pico-sdk/src/rp2_common/pico_float/float_aeabi_rp2040.S.obj
 .debug_info    0x000148a3      0x254 CMakeFiles/112_blink.dir/D_/Documents/MIPT/5th_term/Embedded_antlab/pico/pico-sdk/src/rp2_common/pico_float/float_init_rom_rp2040.c.obj
 .debug_info    0x00014af7       0x22 CMakeFiles/112_blink.dir/D_/Documents/MIPT/5th_term/Embedded_antlab/pico/pico-sdk/src/rp2_common/pico_float/float_v1_rom_shim_rp2040.S.obj
 .debug_info    0x00014b19       0x22 CMakeFiles/112_blink.dir/D_/Documents/MIPT/5th_term/Embedded_antlab/pico/pico-sdk/src/rp2_common/pico_mem_ops/mem_ops_aeabi.S.obj
 .debug_info    0x00014b3b      0x2ef CMakeFiles/112_blink.dir/D_/Documents/MIPT/5th_term/Embedded_antlab/pico/pico-sdk/src/rp2_common/pico_standard_binary_info/standard_binary_info.c.obj
 .debug_info    0x00014e2a     0x21c9 CMakeFiles/112_blink.dir/D_/Documents/MIPT/5th_term/Embedded_antlab/pico/pico-sdk/src/rp2_common/pico_printf/printf.c.obj
 .debug_info    0x00016ff3       0x22 CMakeFiles/112_blink.dir/D_/Documents/MIPT/5th_term/Embedded_antlab/pico/pico-sdk/src/rp2_common/pico_crt0/crt0.S.obj
 .debug_info    0x00017015      0xbcd CMakeFiles/112_blink.dir/D_/Documents/MIPT/5th_term/Embedded_antlab/pico/pico-sdk/src/rp2_common/pico_clib_interface/newlib_interface.c.obj
 .debug_info    0x00017be2     0x1d9f CMakeFiles/112_blink.dir/D_/Documents/MIPT/5th_term/Embedded_antlab/pico/pico-sdk/src/rp2_common/pico_stdio/stdio.c.obj

.debug_abbrev   0x00000000     0x451f
 .debug_abbrev  0x00000000      0x1b7 CMakeFiles/112_blink.dir/main.c.obj
 .debug_abbrev  0x000001b7      0x49a CMakeFiles/112_blink.dir/D_/Documents/MIPT/5th_term/Embedded_antlab/pico/pico-sdk/src/rp2_common/hardware_gpio/gpio.c.obj
 .debug_abbrev  0x00000651       0xf4 CMakeFiles/112_blink.dir/D_/Documents/MIPT/5th_term/Embedded_antlab/pico/pico-sdk/src/rp2_common/pico_platform_panic/panic.c.obj
 .debug_abbrev  0x00000745      0x2d3 CMakeFiles/112_blink.dir/D_/Documents/MIPT/5th_term/Embedded_antlab/pico/pico-sdk/src/common/hardware_claim/claim.c.obj
 .debug_abbrev  0x00000a18      0x1de CMakeFiles/112_blink.dir/D_/Documents/MIPT/5th_term/Embedded_antlab/pico/pico-sdk/src/rp2_common/hardware_sync/sync.c.obj
 .debug_abbrev  0x00000bf6      0x1a3 CMakeFiles/112_blink.dir/D_/Documents/MIPT/5th_term/Embedded_antlab/pico/pico-sdk/src/rp2_common/hardware_sync_spin_lock/sync_spin_lock.c.obj
 .debug_abbrev  0x00000d99      0x54a CMakeFiles/112_blink.dir/D_/Documents/MIPT/5th_term/Embedded_antlab/pico/pico-sdk/src/rp2_common/hardware_irq/irq.c.obj
 .debug_abbrev  0x000012e3       0xee CMakeFiles/112_blink.dir/D_/Documents/MIPT/5th_term/Embedded_antlab/pico/pico-sdk/src/common/pico_sync/lock_core.c.obj
 .debug_abbrev  0x000013d1      0x3e2 CMakeFiles/112_blink.dir/D_/Documents/MIPT/5th_term/Embedded_antlab/pico/pico-sdk/src/common/pico_sync/mutex.c.obj
 .debug_abbrev  0x000017b3      0x617 CMakeFiles/112_blink.dir/D_/Documents/MIPT/5th_term/Embedded_antlab/pico/pico-sdk/src/common/pico_time/time.c.obj
 .debug_abbrev  0x00001dca      0x49d CMakeFiles/112_blink.dir/D_/Documents/MIPT/5th_term/Embedded_antlab/pico/pico-sdk/src/rp2_common/hardware_timer/timer.c.obj
 .debug_abbrev  0x00002267      0x4fa CMakeFiles/112_blink.dir/D_/Documents/MIPT/5th_term/Embedded_antlab/pico/pico-sdk/src/rp2_common/hardware_clocks/clocks.c.obj
 .debug_abbrev  0x00002761      0x1c6 CMakeFiles/112_blink.dir/D_/Documents/MIPT/5th_term/Embedded_antlab/pico/pico-sdk/src/rp2_common/hardware_pll/pll.c.obj
 .debug_abbrev  0x00002927      0x141 CMakeFiles/112_blink.dir/D_/Documents/MIPT/5th_term/Embedded_antlab/pico/pico-sdk/src/rp2_common/hardware_ticks/ticks.c.obj
 .debug_abbrev  0x00002a68      0x1ba CMakeFiles/112_blink.dir/D_/Documents/MIPT/5th_term/Embedded_antlab/pico/pico-sdk/src/rp2_common/pico_bootrom/bootrom.c.obj
 .debug_abbrev  0x00002c22      0x11a CMakeFiles/112_blink.dir/D_/Documents/MIPT/5th_term/Embedded_antlab/pico/pico-sdk/src/rp2_common/hardware_xosc/xosc.c.obj
 .debug_abbrev  0x00002d3c      0x16f CMakeFiles/112_blink.dir/D_/Documents/MIPT/5th_term/Embedded_antlab/pico/pico-sdk/src/rp2_common/pico_runtime/runtime.c.obj
 .debug_abbrev  0x00002eab      0x252 CMakeFiles/112_blink.dir/D_/Documents/MIPT/5th_term/Embedded_antlab/pico/pico-sdk/src/rp2_common/pico_runtime_init/runtime_init.c.obj
 .debug_abbrev  0x000030fd      0x246 CMakeFiles/112_blink.dir/D_/Documents/MIPT/5th_term/Embedded_antlab/pico/pico-sdk/src/rp2_common/pico_runtime_init/runtime_init_clocks.c.obj
 .debug_abbrev  0x00003343       0x12 CMakeFiles/112_blink.dir/D_/Documents/MIPT/5th_term/Embedded_antlab/pico/pico-sdk/src/rp2_common/pico_bit_ops/bit_ops_aeabi.S.obj
 .debug_abbrev  0x00003355       0x12 CMakeFiles/112_blink.dir/D_/Documents/MIPT/5th_term/Embedded_antlab/pico/pico-sdk/src/rp2_common/pico_divider/divider_hardware.S.obj
 .debug_abbrev  0x00003367       0x12 CMakeFiles/112_blink.dir/D_/Documents/MIPT/5th_term/Embedded_antlab/pico/pico-sdk/src/rp2_common/pico_double/double_aeabi_rp2040.S.obj
 .debug_abbrev  0x00003379      0x15c CMakeFiles/112_blink.dir/D_/Documents/MIPT/5th_term/Embedded_antlab/pico/pico-sdk/src/rp2_common/pico_double/double_init_rom_rp2040.c.obj
 .debug_abbrev  0x000034d5       0x12 CMakeFiles/112_blink.dir/D_/Documents/MIPT/5th_term/Embedded_antlab/pico/pico-sdk/src/rp2_common/pico_double/double_v1_rom_shim_rp2040.S.obj
 .debug_abbrev  0x000034e7       0x14 CMakeFiles/112_blink.dir/D_/Documents/MIPT/5th_term/Embedded_antlab/pico/pico-sdk/src/rp2_common/pico_int64_ops/pico_int64_ops_aeabi.S.obj
 .debug_abbrev  0x000034fb       0x12 CMakeFiles/112_blink.dir/D_/Documents/MIPT/5th_term/Embedded_antlab/pico/pico-sdk/src/rp2_common/pico_float/float_aeabi_rp2040.S.obj
 .debug_abbrev  0x0000350d      0x15c CMakeFiles/112_blink.dir/D_/Documents/MIPT/5th_term/Embedded_antlab/pico/pico-sdk/src/rp2_common/pico_float/float_init_rom_rp2040.c.obj
 .debug_abbrev  0x00003669       0x12 CMakeFiles/112_blink.dir/D_/Documents/MIPT/5th_term/Embedded_antlab/pico/pico-sdk/src/rp2_common/pico_float/float_v1_rom_shim_rp2040.S.obj
 .debug_abbrev  0x0000367b       0x12 CMakeFiles/112_blink.dir/D_/Documents/MIPT/5th_term/Embedded_antlab/pico/pico-sdk/src/rp2_common/pico_mem_ops/mem_ops_aeabi.S.obj
 .debug_abbrev  0x0000368d       0xad CMakeFiles/112_blink.dir/D_/Documents/MIPT/5th_term/Embedded_antlab/pico/pico-sdk/src/rp2_common/pico_standard_binary_info/standard_binary_info.c.obj
 .debug_abbrev  0x0000373a      0x517 CMakeFiles/112_blink.dir/D_/Documents/MIPT/5th_term/Embedded_antlab/pico/pico-sdk/src/rp2_common/pico_printf/printf.c.obj
 .debug_abbrev  0x00003c51       0x12 CMakeFiles/112_blink.dir/D_/Documents/MIPT/5th_term/Embedded_antlab/pico/pico-sdk/src/rp2_common/pico_crt0/crt0.S.obj
 .debug_abbrev  0x00003c63      0x32f CMakeFiles/112_blink.dir/D_/Documents/MIPT/5th_term/Embedded_antlab/pico/pico-sdk/src/rp2_common/pico_clib_interface/newlib_interface.c.obj
 .debug_abbrev  0x00003f92      0x58d CMakeFiles/112_blink.dir/D_/Documents/MIPT/5th_term/Embedded_antlab/pico/pico-sdk/src/rp2_common/pico_stdio/stdio.c.obj

.debug_loc      0x00000000    0x161ee
 .debug_loc     0x00000000      0x114 CMakeFiles/112_blink.dir/main.c.obj
 .debug_loc     0x00000114     0x2907 CMakeFiles/112_blink.dir/D_/Documents/MIPT/5th_term/Embedded_antlab/pico/pico-sdk/src/rp2_common/hardware_gpio/gpio.c.obj
 .debug_loc     0x00002a1b      0x6c7 CMakeFiles/112_blink.dir/D_/Documents/MIPT/5th_term/Embedded_antlab/pico/pico-sdk/src/common/hardware_claim/claim.c.obj
 .debug_loc     0x000030e2      0x154 CMakeFiles/112_blink.dir/D_/Documents/MIPT/5th_term/Embedded_antlab/pico/pico-sdk/src/rp2_common/hardware_sync/sync.c.obj
 .debug_loc     0x00003236       0xb5 CMakeFiles/112_blink.dir/D_/Documents/MIPT/5th_term/Embedded_antlab/pico/pico-sdk/src/rp2_common/hardware_sync_spin_lock/sync_spin_lock.c.obj
 .debug_loc     0x000032eb     0x1d55 CMakeFiles/112_blink.dir/D_/Documents/MIPT/5th_term/Embedded_antlab/pico/pico-sdk/src/rp2_common/hardware_irq/irq.c.obj
 .debug_loc     0x00005040       0x4d CMakeFiles/112_blink.dir/D_/Documents/MIPT/5th_term/Embedded_antlab/pico/pico-sdk/src/common/pico_sync/lock_core.c.obj
 .debug_loc     0x0000508d     0x1261 CMakeFiles/112_blink.dir/D_/Documents/MIPT/5th_term/Embedded_antlab/pico/pico-sdk/src/common/pico_sync/mutex.c.obj
 .debug_loc     0x000062ee     0x4021 CMakeFiles/112_blink.dir/D_/Documents/MIPT/5th_term/Embedded_antlab/pico/pico-sdk/src/common/pico_time/time.c.obj
 .debug_loc     0x0000a30f     0x2542 CMakeFiles/112_blink.dir/D_/Documents/MIPT/5th_term/Embedded_antlab/pico/pico-sdk/src/rp2_common/hardware_timer/timer.c.obj
 .debug_loc     0x0000c851     0x35f0 CMakeFiles/112_blink.dir/D_/Documents/MIPT/5th_term/Embedded_antlab/pico/pico-sdk/src/rp2_common/hardware_clocks/clocks.c.obj
 .debug_loc     0x0000fe41      0x28f CMakeFiles/112_blink.dir/D_/Documents/MIPT/5th_term/Embedded_antlab/pico/pico-sdk/src/rp2_common/hardware_pll/pll.c.obj
 .debug_loc     0x000100d0       0x57 CMakeFiles/112_blink.dir/D_/Documents/MIPT/5th_term/Embedded_antlab/pico/pico-sdk/src/rp2_common/hardware_ticks/ticks.c.obj
 .debug_loc     0x00010127      0x4bb CMakeFiles/112_blink.dir/D_/Documents/MIPT/5th_term/Embedded_antlab/pico/pico-sdk/src/rp2_common/pico_bootrom/bootrom.c.obj
 .debug_loc     0x000105e2       0x71 CMakeFiles/112_blink.dir/D_/Documents/MIPT/5th_term/Embedded_antlab/pico/pico-sdk/src/rp2_common/hardware_xosc/xosc.c.obj
 .debug_loc     0x00010653       0xbc CMakeFiles/112_blink.dir/D_/Documents/MIPT/5th_term/Embedded_antlab/pico/pico-sdk/src/rp2_common/pico_runtime/runtime.c.obj
 .debug_loc     0x0001070f      0x1fb CMakeFiles/112_blink.dir/D_/Documents/MIPT/5th_term/Embedded_antlab/pico/pico-sdk/src/rp2_common/pico_runtime_init/runtime_init.c.obj
 .debug_loc     0x0001090a       0xa7 CMakeFiles/112_blink.dir/D_/Documents/MIPT/5th_term/Embedded_antlab/pico/pico-sdk/src/rp2_common/pico_runtime_init/runtime_init_clocks.c.obj
 .debug_loc     0x000109b1       0x44 CMakeFiles/112_blink.dir/D_/Documents/MIPT/5th_term/Embedded_antlab/pico/pico-sdk/src/rp2_common/pico_double/double_init_rom_rp2040.c.obj
 .debug_loc     0x000109f5       0x82 CMakeFiles/112_blink.dir/D_/Documents/MIPT/5th_term/Embedded_antlab/pico/pico-sdk/src/rp2_common/pico_float/float_init_rom_rp2040.c.obj
 .debug_loc     0x00010a77     0x3c08 CMakeFiles/112_blink.dir/D_/Documents/MIPT/5th_term/Embedded_antlab/pico/pico-sdk/src/rp2_common/pico_printf/printf.c.obj
 .debug_loc     0x0001467f      0x5d6 CMakeFiles/112_blink.dir/D_/Documents/MIPT/5th_term/Embedded_antlab/pico/pico-sdk/src/rp2_common/pico_clib_interface/newlib_interface.c.obj
 .debug_loc     0x00014c55     0x1599 CMakeFiles/112_blink.dir/D_/Documents/MIPT/5th_term/Embedded_antlab/pico/pico-sdk/src/rp2_common/pico_stdio/stdio.c.obj

.debug_aranges  0x00000000      0xea8
 .debug_aranges
                0x00000000       0x20 CMakeFiles/112_blink.dir/main.c.obj
 .debug_aranges
                0x00000020      0x110 CMakeFiles/112_blink.dir/D_/Documents/MIPT/5th_term/Embedded_antlab/pico/pico-sdk/src/rp2_common/hardware_gpio/gpio.c.obj
 .debug_aranges
                0x00000130       0x28 CMakeFiles/112_blink.dir/D_/Documents/MIPT/5th_term/Embedded_antlab/pico/pico-sdk/src/rp2_common/pico_platform_panic/panic.c.obj
 .debug_aranges
                0x00000158       0x48 CMakeFiles/112_blink.dir/D_/Documents/MIPT/5th_term/Embedded_antlab/pico/pico-sdk/src/common/hardware_claim/claim.c.obj
 .debug_aranges
                0x000001a0       0x48 CMakeFiles/112_blink.dir/D_/Documents/MIPT/5th_term/Embedded_antlab/pico/pico-sdk/src/rp2_common/hardware_sync/sync.c.obj
 .debug_aranges
                0x000001e8       0x28 CMakeFiles/112_blink.dir/D_/Documents/MIPT/5th_term/Embedded_antlab/pico/pico-sdk/src/rp2_common/hardware_sync_spin_lock/sync_spin_lock.c.obj
 .debug_aranges
                0x00000210       0xc8 CMakeFiles/112_blink.dir/D_/Documents/MIPT/5th_term/Embedded_antlab/pico/pico-sdk/src/rp2_common/hardware_irq/irq.c.obj
 .debug_aranges
                0x000002d8       0x20 CMakeFiles/112_blink.dir/D_/Documents/MIPT/5th_term/Embedded_antlab/pico/pico-sdk/src/common/pico_sync/lock_core.c.obj
 .debug_aranges
                0x000002f8       0x98 CMakeFiles/112_blink.dir/D_/Documents/MIPT/5th_term/Embedded_antlab/pico/pico-sdk/src/common/pico_sync/mutex.c.obj
 .debug_aranges
                0x00000390       0xe0 CMakeFiles/112_blink.dir/D_/Documents/MIPT/5th_term/Embedded_antlab/pico/pico-sdk/src/common/pico_time/time.c.obj
 .debug_aranges
                0x00000470       0xf0 CMakeFiles/112_blink.dir/D_/Documents/MIPT/5th_term/Embedded_antlab/pico/pico-sdk/src/rp2_common/hardware_timer/timer.c.obj
 .debug_aranges
                0x00000560       0xb0 CMakeFiles/112_blink.dir/D_/Documents/MIPT/5th_term/Embedded_antlab/pico/pico-sdk/src/rp2_common/hardware_clocks/clocks.c.obj
 .debug_aranges
                0x00000610       0x28 CMakeFiles/112_blink.dir/D_/Documents/MIPT/5th_term/Embedded_antlab/pico/pico-sdk/src/rp2_common/hardware_pll/pll.c.obj
 .debug_aranges
                0x00000638       0x30 CMakeFiles/112_blink.dir/D_/Documents/MIPT/5th_term/Embedded_antlab/pico/pico-sdk/src/rp2_common/hardware_ticks/ticks.c.obj
 .debug_aranges
                0x00000668       0x40 CMakeFiles/112_blink.dir/D_/Documents/MIPT/5th_term/Embedded_antlab/pico/pico-sdk/src/rp2_common/pico_bootrom/bootrom.c.obj
 .debug_aranges
                0x000006a8       0x30 CMakeFiles/112_blink.dir/D_/Documents/MIPT/5th_term/Embedded_antlab/pico/pico-sdk/src/rp2_common/hardware_xosc/xosc.c.obj
 .debug_aranges
                0x000006d8       0x38 CMakeFiles/112_blink.dir/D_/Documents/MIPT/5th_term/Embedded_antlab/pico/pico-sdk/src/rp2_common/pico_runtime/runtime.c.obj
 .debug_aranges
                0x00000710       0x48 CMakeFiles/112_blink.dir/D_/Documents/MIPT/5th_term/Embedded_antlab/pico/pico-sdk/src/rp2_common/pico_runtime_init/runtime_init.c.obj
 .debug_aranges
                0x00000758       0x20 CMakeFiles/112_blink.dir/D_/Documents/MIPT/5th_term/Embedded_antlab/pico/pico-sdk/src/rp2_common/pico_runtime_init/runtime_init_clocks.c.obj
 .debug_aranges
                0x00000778       0x60 CMakeFiles/112_blink.dir/D_/Documents/MIPT/5th_term/Embedded_antlab/pico/pico-sdk/src/rp2_common/pico_bit_ops/bit_ops_aeabi.S.obj
 .debug_aranges
                0x000007d8       0x50 CMakeFiles/112_blink.dir/D_/Documents/MIPT/5th_term/Embedded_antlab/pico/pico-sdk/src/rp2_common/pico_divider/divider_hardware.S.obj
 .debug_aranges
                0x00000828      0x150 CMakeFiles/112_blink.dir/D_/Documents/MIPT/5th_term/Embedded_antlab/pico/pico-sdk/src/rp2_common/pico_double/double_aeabi_rp2040.S.obj
 .debug_aranges
                0x00000978       0x20 CMakeFiles/112_blink.dir/D_/Documents/MIPT/5th_term/Embedded_antlab/pico/pico-sdk/src/rp2_common/pico_double/double_init_rom_rp2040.c.obj
 .debug_aranges
                0x00000998       0xc8 CMakeFiles/112_blink.dir/D_/Documents/MIPT/5th_term/Embedded_antlab/pico/pico-sdk/src/rp2_common/pico_double/double_v1_rom_shim_rp2040.S.obj
 .debug_aranges
                0x00000a60       0x20 CMakeFiles/112_blink.dir/D_/Documents/MIPT/5th_term/Embedded_antlab/pico/pico-sdk/src/rp2_common/pico_int64_ops/pico_int64_ops_aeabi.S.obj
 .debug_aranges
                0x00000a80      0x138 CMakeFiles/112_blink.dir/D_/Documents/MIPT/5th_term/Embedded_antlab/pico/pico-sdk/src/rp2_common/pico_float/float_aeabi_rp2040.S.obj
 .debug_aranges
                0x00000bb8       0x20 CMakeFiles/112_blink.dir/D_/Documents/MIPT/5th_term/Embedded_antlab/pico/pico-sdk/src/rp2_common/pico_float/float_init_rom_rp2040.c.obj
 .debug_aranges
                0x00000bd8       0x50 CMakeFiles/112_blink.dir/D_/Documents/MIPT/5th_term/Embedded_antlab/pico/pico-sdk/src/rp2_common/pico_float/float_v1_rom_shim_rp2040.S.obj
 .debug_aranges
                0x00000c28       0x38 CMakeFiles/112_blink.dir/D_/Documents/MIPT/5th_term/Embedded_antlab/pico/pico-sdk/src/rp2_common/pico_mem_ops/mem_ops_aeabi.S.obj
 .debug_aranges
                0x00000c60       0x18 CMakeFiles/112_blink.dir/D_/Documents/MIPT/5th_term/Embedded_antlab/pico/pico-sdk/src/rp2_common/pico_standard_binary_info/standard_binary_info.c.obj
 .debug_aranges
                0x00000c78       0x90 CMakeFiles/112_blink.dir/D_/Documents/MIPT/5th_term/Embedded_antlab/pico/pico-sdk/src/rp2_common/pico_printf/printf.c.obj
 .debug_aranges
                0x00000d08       0x28 CMakeFiles/112_blink.dir/D_/Documents/MIPT/5th_term/Embedded_antlab/pico/pico-sdk/src/rp2_common/pico_crt0/crt0.S.obj
 .debug_aranges
                0x00000d30       0xb0 CMakeFiles/112_blink.dir/D_/Documents/MIPT/5th_term/Embedded_antlab/pico/pico-sdk/src/rp2_common/pico_clib_interface/newlib_interface.c.obj
 .debug_aranges
                0x00000de0       0xc8 CMakeFiles/112_blink.dir/D_/Documents/MIPT/5th_term/Embedded_antlab/pico/pico-sdk/src/rp2_common/pico_stdio/stdio.c.obj

.debug_ranges   0x00000000     0x7a40
 .debug_ranges  0x00000000       0x60 CMakeFiles/112_blink.dir/main.c.obj
 .debug_ranges  0x00000060      0xc50 CMakeFiles/112_blink.dir/D_/Documents/MIPT/5th_term/Embedded_antlab/pico/pico-sdk/src/rp2_common/hardware_gpio/gpio.c.obj
 .debug_ranges  0x00000cb0       0x18 CMakeFiles/112_blink.dir/D_/Documents/MIPT/5th_term/Embedded_antlab/pico/pico-sdk/src/rp2_common/pico_platform_panic/panic.c.obj
 .debug_ranges  0x00000cc8      0x440 CMakeFiles/112_blink.dir/D_/Documents/MIPT/5th_term/Embedded_antlab/pico/pico-sdk/src/common/hardware_claim/claim.c.obj
 .debug_ranges  0x00001108       0xd8 CMakeFiles/112_blink.dir/D_/Documents/MIPT/5th_term/Embedded_antlab/pico/pico-sdk/src/rp2_common/hardware_sync/sync.c.obj
 .debug_ranges  0x000011e0       0xa8 CMakeFiles/112_blink.dir/D_/Documents/MIPT/5th_term/Embedded_antlab/pico/pico-sdk/src/rp2_common/hardware_sync_spin_lock/sync_spin_lock.c.obj
 .debug_ranges  0x00001288      0xa80 CMakeFiles/112_blink.dir/D_/Documents/MIPT/5th_term/Embedded_antlab/pico/pico-sdk/src/rp2_common/hardware_irq/irq.c.obj
 .debug_ranges  0x00001d08       0x28 CMakeFiles/112_blink.dir/D_/Documents/MIPT/5th_term/Embedded_antlab/pico/pico-sdk/src/common/pico_sync/lock_core.c.obj
 .debug_ranges  0x00001d30      0xcd0 CMakeFiles/112_blink.dir/D_/Documents/MIPT/5th_term/Embedded_antlab/pico/pico-sdk/src/common/pico_sync/mutex.c.obj
 .debug_ranges  0x00002a00     0x1e10 CMakeFiles/112_blink.dir/D_/Documents/MIPT/5th_term/Embedded_antlab/pico/pico-sdk/src/common/pico_time/time.c.obj
 .debug_ranges  0x00004810      0xe68 CMakeFiles/112_blink.dir/D_/Documents/MIPT/5th_term/Embedded_antlab/pico/pico-sdk/src/rp2_common/hardware_timer/timer.c.obj
 .debug_ranges  0x00005678      0xc80 CMakeFiles/112_blink.dir/D_/Documents/MIPT/5th_term/Embedded_antlab/pico/pico-sdk/src/rp2_common/hardware_clocks/clocks.c.obj
 .debug_ranges  0x000062f8       0xd8 CMakeFiles/112_blink.dir/D_/Documents/MIPT/5th_term/Embedded_antlab/pico/pico-sdk/src/rp2_common/hardware_pll/pll.c.obj
 .debug_ranges  0x000063d0       0x38 CMakeFiles/112_blink.dir/D_/Documents/MIPT/5th_term/Embedded_antlab/pico/pico-sdk/src/rp2_common/hardware_ticks/ticks.c.obj
 .debug_ranges  0x00006408      0x138 CMakeFiles/112_blink.dir/D_/Documents/MIPT/5th_term/Embedded_antlab/pico/pico-sdk/src/rp2_common/pico_bootrom/bootrom.c.obj
 .debug_ranges  0x00006540       0x20 CMakeFiles/112_blink.dir/D_/Documents/MIPT/5th_term/Embedded_antlab/pico/pico-sdk/src/rp2_common/hardware_xosc/xosc.c.obj
 .debug_ranges  0x00006560       0x58 CMakeFiles/112_blink.dir/D_/Documents/MIPT/5th_term/Embedded_antlab/pico/pico-sdk/src/rp2_common/pico_runtime/runtime.c.obj
 .debug_ranges  0x000065b8       0xb0 CMakeFiles/112_blink.dir/D_/Documents/MIPT/5th_term/Embedded_antlab/pico/pico-sdk/src/rp2_common/pico_runtime_init/runtime_init.c.obj
 .debug_ranges  0x00006668       0x28 CMakeFiles/112_blink.dir/D_/Documents/MIPT/5th_term/Embedded_antlab/pico/pico-sdk/src/rp2_common/pico_runtime_init/runtime_init_clocks.c.obj
 .debug_ranges  0x00006690       0x58 CMakeFiles/112_blink.dir/D_/Documents/MIPT/5th_term/Embedded_antlab/pico/pico-sdk/src/rp2_common/pico_bit_ops/bit_ops_aeabi.S.obj
 .debug_ranges  0x000066e8       0x48 CMakeFiles/112_blink.dir/D_/Documents/MIPT/5th_term/Embedded_antlab/pico/pico-sdk/src/rp2_common/pico_divider/divider_hardware.S.obj
 .debug_ranges  0x00006730      0x148 CMakeFiles/112_blink.dir/D_/Documents/MIPT/5th_term/Embedded_antlab/pico/pico-sdk/src/rp2_common/pico_double/double_aeabi_rp2040.S.obj
 .debug_ranges  0x00006878       0x30 CMakeFiles/112_blink.dir/D_/Documents/MIPT/5th_term/Embedded_antlab/pico/pico-sdk/src/rp2_common/pico_double/double_init_rom_rp2040.c.obj
 .debug_ranges  0x000068a8       0xc0 CMakeFiles/112_blink.dir/D_/Documents/MIPT/5th_term/Embedded_antlab/pico/pico-sdk/src/rp2_common/pico_double/double_v1_rom_shim_rp2040.S.obj
 .debug_ranges  0x00006968      0x130 CMakeFiles/112_blink.dir/D_/Documents/MIPT/5th_term/Embedded_antlab/pico/pico-sdk/src/rp2_common/pico_float/float_aeabi_rp2040.S.obj
 .debug_ranges  0x00006a98       0x10 CMakeFiles/112_blink.dir/D_/Documents/MIPT/5th_term/Embedded_antlab/pico/pico-sdk/src/rp2_common/pico_float/float_init_rom_rp2040.c.obj
 .debug_ranges  0x00006aa8       0x48 CMakeFiles/112_blink.dir/D_/Documents/MIPT/5th_term/Embedded_antlab/pico/pico-sdk/src/rp2_common/pico_float/float_v1_rom_shim_rp2040.S.obj
 .debug_ranges  0x00006af0       0x30 CMakeFiles/112_blink.dir/D_/Documents/MIPT/5th_term/Embedded_antlab/pico/pico-sdk/src/rp2_common/pico_mem_ops/mem_ops_aeabi.S.obj
 .debug_ranges  0x00006b20      0x500 CMakeFiles/112_blink.dir/D_/Documents/MIPT/5th_term/Embedded_antlab/pico/pico-sdk/src/rp2_common/pico_printf/printf.c.obj
 .debug_ranges  0x00007020       0x20 CMakeFiles/112_blink.dir/D_/Documents/MIPT/5th_term/Embedded_antlab/pico/pico-sdk/src/rp2_common/pico_crt0/crt0.S.obj
 .debug_ranges  0x00007040      0x130 CMakeFiles/112_blink.dir/D_/Documents/MIPT/5th_term/Embedded_antlab/pico/pico-sdk/src/rp2_common/pico_clib_interface/newlib_interface.c.obj
 .debug_ranges  0x00007170      0x8d0 CMakeFiles/112_blink.dir/D_/Documents/MIPT/5th_term/Embedded_antlab/pico/pico-sdk/src/rp2_common/pico_stdio/stdio.c.obj

.debug_line     0x00000000    0x15b74
 .debug_line    0x00000000      0x52c CMakeFiles/112_blink.dir/main.c.obj
 .debug_line    0x0000052c     0x1c64 CMakeFiles/112_blink.dir/D_/Documents/MIPT/5th_term/Embedded_antlab/pico/pico-sdk/src/rp2_common/hardware_gpio/gpio.c.obj
 .debug_line    0x00002190      0x2fc CMakeFiles/112_blink.dir/D_/Documents/MIPT/5th_term/Embedded_antlab/pico/pico-sdk/src/rp2_common/pico_platform_panic/panic.c.obj
 .debug_line    0x0000248c      0xa24 CMakeFiles/112_blink.dir/D_/Documents/MIPT/5th_term/Embedded_antlab/pico/pico-sdk/src/common/hardware_claim/claim.c.obj
 .debug_line    0x00002eb0      0x57d CMakeFiles/112_blink.dir/D_/Documents/MIPT/5th_term/Embedded_antlab/pico/pico-sdk/src/rp2_common/hardware_sync/sync.c.obj
 .debug_line    0x0000342d      0x433 CMakeFiles/112_blink.dir/D_/Documents/MIPT/5th_term/Embedded_antlab/pico/pico-sdk/src/rp2_common/hardware_sync_spin_lock/sync_spin_lock.c.obj
 .debug_line    0x00003860     0x18e4 CMakeFiles/112_blink.dir/D_/Documents/MIPT/5th_term/Embedded_antlab/pico/pico-sdk/src/rp2_common/hardware_irq/irq.c.obj
 .debug_line    0x00005144      0x369 CMakeFiles/112_blink.dir/D_/Documents/MIPT/5th_term/Embedded_antlab/pico/pico-sdk/src/common/pico_sync/lock_core.c.obj
 .debug_line    0x000054ad     0x1489 CMakeFiles/112_blink.dir/D_/Documents/MIPT/5th_term/Embedded_antlab/pico/pico-sdk/src/common/pico_sync/mutex.c.obj
 .debug_line    0x00006936     0x31f8 CMakeFiles/112_blink.dir/D_/Documents/MIPT/5th_term/Embedded_antlab/pico/pico-sdk/src/common/pico_time/time.c.obj
 .debug_line    0x00009b2e     0x1f3d CMakeFiles/112_blink.dir/D_/Documents/MIPT/5th_term/Embedded_antlab/pico/pico-sdk/src/rp2_common/hardware_timer/timer.c.obj
 .debug_line    0x0000ba6b     0x21de CMakeFiles/112_blink.dir/D_/Documents/MIPT/5th_term/Embedded_antlab/pico/pico-sdk/src/rp2_common/hardware_clocks/clocks.c.obj
 .debug_line    0x0000dc49      0x605 CMakeFiles/112_blink.dir/D_/Documents/MIPT/5th_term/Embedded_antlab/pico/pico-sdk/src/rp2_common/hardware_pll/pll.c.obj
 .debug_line    0x0000e24e      0x3bd CMakeFiles/112_blink.dir/D_/Documents/MIPT/5th_term/Embedded_antlab/pico/pico-sdk/src/rp2_common/hardware_ticks/ticks.c.obj
 .debug_line    0x0000e60b      0x40a CMakeFiles/112_blink.dir/D_/Documents/MIPT/5th_term/Embedded_antlab/pico/pico-sdk/src/rp2_common/pico_bootrom/bootrom.c.obj
 .debug_line    0x0000ea15      0x3ea CMakeFiles/112_blink.dir/D_/Documents/MIPT/5th_term/Embedded_antlab/pico/pico-sdk/src/rp2_common/hardware_xosc/xosc.c.obj
 .debug_line    0x0000edff      0x36f CMakeFiles/112_blink.dir/D_/Documents/MIPT/5th_term/Embedded_antlab/pico/pico-sdk/src/rp2_common/pico_runtime/runtime.c.obj
 .debug_line    0x0000f16e      0x75e CMakeFiles/112_blink.dir/D_/Documents/MIPT/5th_term/Embedded_antlab/pico/pico-sdk/src/rp2_common/pico_runtime_init/runtime_init.c.obj
 .debug_line    0x0000f8cc      0x65f CMakeFiles/112_blink.dir/D_/Documents/MIPT/5th_term/Embedded_antlab/pico/pico-sdk/src/rp2_common/pico_runtime_init/runtime_init_clocks.c.obj
 .debug_line    0x0000ff2b      0x153 CMakeFiles/112_blink.dir/D_/Documents/MIPT/5th_term/Embedded_antlab/pico/pico-sdk/src/rp2_common/pico_bit_ops/bit_ops_aeabi.S.obj
 .debug_line    0x0001007e      0x33c CMakeFiles/112_blink.dir/D_/Documents/MIPT/5th_term/Embedded_antlab/pico/pico-sdk/src/rp2_common/pico_divider/divider_hardware.S.obj
 .debug_line    0x000103ba      0x4a2 CMakeFiles/112_blink.dir/D_/Documents/MIPT/5th_term/Embedded_antlab/pico/pico-sdk/src/rp2_common/pico_double/double_aeabi_rp2040.S.obj
 .debug_line    0x0001085c      0x446 CMakeFiles/112_blink.dir/D_/Documents/MIPT/5th_term/Embedded_antlab/pico/pico-sdk/src/rp2_common/pico_double/double_init_rom_rp2040.c.obj
 .debug_line    0x00010ca2      0x6c3 CMakeFiles/112_blink.dir/D_/Documents/MIPT/5th_term/Embedded_antlab/pico/pico-sdk/src/rp2_common/pico_double/double_v1_rom_shim_rp2040.S.obj
 .debug_line    0x00011365       0xb5 CMakeFiles/112_blink.dir/D_/Documents/MIPT/5th_term/Embedded_antlab/pico/pico-sdk/src/rp2_common/pico_int64_ops/pico_int64_ops_aeabi.S.obj
 .debug_line    0x0001141a      0x420 CMakeFiles/112_blink.dir/D_/Documents/MIPT/5th_term/Embedded_antlab/pico/pico-sdk/src/rp2_common/pico_float/float_aeabi_rp2040.S.obj
 .debug_line    0x0001183a      0x3a1 CMakeFiles/112_blink.dir/D_/Documents/MIPT/5th_term/Embedded_antlab/pico/pico-sdk/src/rp2_common/pico_float/float_init_rom_rp2040.c.obj
 .debug_line    0x00011bdb      0x1e9 CMakeFiles/112_blink.dir/D_/Documents/MIPT/5th_term/Embedded_antlab/pico/pico-sdk/src/rp2_common/pico_float/float_v1_rom_shim_rp2040.S.obj
 .debug_line    0x00011dc4       0xdf CMakeFiles/112_blink.dir/D_/Documents/MIPT/5th_term/Embedded_antlab/pico/pico-sdk/src/rp2_common/pico_mem_ops/mem_ops_aeabi.S.obj
 .debug_line    0x00011ea3      0x1e9 CMakeFiles/112_blink.dir/D_/Documents/MIPT/5th_term/Embedded_antlab/pico/pico-sdk/src/rp2_common/pico_standard_binary_info/standard_binary_info.c.obj
 .debug_line    0x0001208c     0x192b CMakeFiles/112_blink.dir/D_/Documents/MIPT/5th_term/Embedded_antlab/pico/pico-sdk/src/rp2_common/pico_printf/printf.c.obj
 .debug_line    0x000139b7       0xe2 CMakeFiles/112_blink.dir/D_/Documents/MIPT/5th_term/Embedded_antlab/pico/pico-sdk/src/rp2_common/pico_crt0/crt0.S.obj
 .debug_line    0x00013a99      0x9f8 CMakeFiles/112_blink.dir/D_/Documents/MIPT/5th_term/Embedded_antlab/pico/pico-sdk/src/rp2_common/pico_clib_interface/newlib_interface.c.obj
 .debug_line    0x00014491     0x16e3 CMakeFiles/112_blink.dir/D_/Documents/MIPT/5th_term/Embedded_antlab/pico/pico-sdk/src/rp2_common/pico_stdio/stdio.c.obj

.debug_str      0x00000000     0x4b3f
 .debug_str     0x00000000      0x942 CMakeFiles/112_blink.dir/main.c.obj
                                0x98e (size before relaxing)
 .debug_str     0x00000942      0x721 CMakeFiles/112_blink.dir/D_/Documents/MIPT/5th_term/Embedded_antlab/pico/pico-sdk/src/rp2_common/hardware_gpio/gpio.c.obj
                                0xcf0 (size before relaxing)
 .debug_str     0x00001063       0xb0 CMakeFiles/112_blink.dir/D_/Documents/MIPT/5th_term/Embedded_antlab/pico/pico-sdk/src/rp2_common/pico_platform_panic/panic.c.obj
                                0x222 (size before relaxing)
 .debug_str     0x00001113      0x1f2 CMakeFiles/112_blink.dir/D_/Documents/MIPT/5th_term/Embedded_antlab/pico/pico-sdk/src/common/hardware_claim/claim.c.obj
                                0x3ab (size before relaxing)
 .debug_str     0x00001305       0xea CMakeFiles/112_blink.dir/D_/Documents/MIPT/5th_term/Embedded_antlab/pico/pico-sdk/src/rp2_common/hardware_sync/sync.c.obj
                                0x34f (size before relaxing)
 .debug_str     0x000013ef       0x80 CMakeFiles/112_blink.dir/D_/Documents/MIPT/5th_term/Embedded_antlab/pico/pico-sdk/src/rp2_common/hardware_sync_spin_lock/sync_spin_lock.c.obj
                                0x267 (size before relaxing)
 .debug_str     0x0000146f      0x4f1 CMakeFiles/112_blink.dir/D_/Documents/MIPT/5th_term/Embedded_antlab/pico/pico-sdk/src/rp2_common/hardware_irq/irq.c.obj
                                0xac2 (size before relaxing)
 .debug_str     0x00001960       0x7a CMakeFiles/112_blink.dir/D_/Documents/MIPT/5th_term/Embedded_antlab/pico/pico-sdk/src/common/pico_sync/lock_core.c.obj
                                0x233 (size before relaxing)
 .debug_str     0x000019da      0x294 CMakeFiles/112_blink.dir/D_/Documents/MIPT/5th_term/Embedded_antlab/pico/pico-sdk/src/common/pico_sync/mutex.c.obj
                                0x80e (size before relaxing)
 .debug_str     0x00001c6e      0xa34 CMakeFiles/112_blink.dir/D_/Documents/MIPT/5th_term/Embedded_antlab/pico/pico-sdk/src/common/pico_time/time.c.obj
                               0x1215 (size before relaxing)
 .debug_str     0x000026a2      0x1e3 CMakeFiles/112_blink.dir/D_/Documents/MIPT/5th_term/Embedded_antlab/pico/pico-sdk/src/rp2_common/hardware_timer/timer.c.obj
                                0xa43 (size before relaxing)
 .debug_str     0x00002885      0x976 CMakeFiles/112_blink.dir/D_/Documents/MIPT/5th_term/Embedded_antlab/pico/pico-sdk/src/rp2_common/hardware_clocks/clocks.c.obj
                                0xeda (size before relaxing)
 .debug_str     0x000031fb      0x100 CMakeFiles/112_blink.dir/D_/Documents/MIPT/5th_term/Embedded_antlab/pico/pico-sdk/src/rp2_common/hardware_pll/pll.c.obj
                                0x492 (size before relaxing)
 .debug_str     0x000032fb       0xe7 CMakeFiles/112_blink.dir/D_/Documents/MIPT/5th_term/Embedded_antlab/pico/pico-sdk/src/rp2_common/hardware_ticks/ticks.c.obj
                                0x2b5 (size before relaxing)
 .debug_str     0x000033e2      0x1a4 CMakeFiles/112_blink.dir/D_/Documents/MIPT/5th_term/Embedded_antlab/pico/pico-sdk/src/rp2_common/pico_bootrom/bootrom.c.obj
                                0x35d (size before relaxing)
 .debug_str     0x00003586       0x93 CMakeFiles/112_blink.dir/D_/Documents/MIPT/5th_term/Embedded_antlab/pico/pico-sdk/src/rp2_common/hardware_xosc/xosc.c.obj
                                0x26a (size before relaxing)
 .debug_str     0x00003619      0x108 CMakeFiles/112_blink.dir/D_/Documents/MIPT/5th_term/Embedded_antlab/pico/pico-sdk/src/rp2_common/pico_runtime/runtime.c.obj
                                0x2b5 (size before relaxing)
 .debug_str     0x00003721      0x2ee CMakeFiles/112_blink.dir/D_/Documents/MIPT/5th_term/Embedded_antlab/pico/pico-sdk/src/rp2_common/pico_runtime_init/runtime_init.c.obj
                                0x7c4 (size before relaxing)
 .debug_str     0x00003a0f       0x80 CMakeFiles/112_blink.dir/D_/Documents/MIPT/5th_term/Embedded_antlab/pico/pico-sdk/src/rp2_common/pico_runtime_init/runtime_init_clocks.c.obj
                                0x491 (size before relaxing)
 .debug_str     0x00003a8f       0x73 CMakeFiles/112_blink.dir/D_/Documents/MIPT/5th_term/Embedded_antlab/pico/pico-sdk/src/rp2_common/pico_bit_ops/bit_ops_aeabi.S.obj
                                 0xb3 (size before relaxing)
 .debug_str     0x00003b02       0x68 CMakeFiles/112_blink.dir/D_/Documents/MIPT/5th_term/Embedded_antlab/pico/pico-sdk/src/rp2_common/pico_divider/divider_hardware.S.obj
                                 0xb6 (size before relaxing)
 .debug_str     0x00003b6a       0x6a CMakeFiles/112_blink.dir/D_/Documents/MIPT/5th_term/Embedded_antlab/pico/pico-sdk/src/rp2_common/pico_double/double_aeabi_rp2040.S.obj
                                 0xb8 (size before relaxing)
 .debug_str     0x00003bd4       0xd9 CMakeFiles/112_blink.dir/D_/Documents/MIPT/5th_term/Embedded_antlab/pico/pico-sdk/src/rp2_common/pico_double/double_init_rom_rp2040.c.obj
                                0x2d0 (size before relaxing)
 .debug_str     0x00003cad       0x70 CMakeFiles/112_blink.dir/D_/Documents/MIPT/5th_term/Embedded_antlab/pico/pico-sdk/src/rp2_common/pico_double/double_v1_rom_shim_rp2040.S.obj
                                 0xbe (size before relaxing)
 .debug_str     0x00003d1d       0x6e CMakeFiles/112_blink.dir/D_/Documents/MIPT/5th_term/Embedded_antlab/pico/pico-sdk/src/rp2_common/pico_int64_ops/pico_int64_ops_aeabi.S.obj
                                 0xbc (size before relaxing)
 .debug_str     0x00003d8b       0x68 CMakeFiles/112_blink.dir/D_/Documents/MIPT/5th_term/Embedded_antlab/pico/pico-sdk/src/rp2_common/pico_float/float_aeabi_rp2040.S.obj
                                 0xb6 (size before relaxing)